/leonardo_work/IscrC_QuSALa/venv_py311/lib/python3.11/site-packages/qiskit/synthesis/unitary/qsd.py:220: RuntimeWarning: underflow encountered in matmul
  UX = VX @ WXdg
/leonardo_work/IscrC_QuSALa/venv_py311/lib/python3.11/site-packages/qiskit/synthesis/unitary/qsd.py:220: RuntimeWarning: underflow encountered in matmul
  UX = VX @ WXdg
/leonardo_work/IscrC_QuSALa/venv_py311/lib/python3.11/site-packages/qiskit/synthesis/unitary/qsd.py:293: RuntimeWarning: underflow encountered in matmul
  um0um1 = um0 @ um1.T.conjugate()
/leonardo_work/IscrC_QuSALa/venv_py311/lib/python3.11/site-packages/qiskit/synthesis/unitary/qsd.py:220: RuntimeWarning: underflow encountered in matmul
  UX = VX @ WXdg
/leonardo_work/IscrC_QuSALa/venv_py311/lib/python3.11/site-packages/qiskit/synthesis/unitary/qsd.py:220: RuntimeWarning: underflow encountered in matmul
  UX = VX @ WXdg
/leonardo_work/IscrC_QuSALa/venv_py311/lib/python3.11/site-packages/qiskit/synthesis/unitary/qsd.py:220: RuntimeWarning: underflow encountered in matmul
  UX = VX @ WXdg
/leonardo_work/IscrC_QuSALa/venv_py311/lib/python3.11/site-packages/qiskit/synthesis/unitary/qsd.py:220: RuntimeWarning: underflow encountered in matmul
  UX = VX @ WXdg
/leonardo_work/IscrC_QuSALa/venv_py311/lib/python3.11/site-packages/qiskit/synthesis/unitary/qsd.py:220: RuntimeWarning: underflow encountered in matmul
  UX = VX @ WXdg
/leonardo_work/IscrC_QuSALa/venv_py311/lib/python3.11/site-packages/qiskit/synthesis/unitary/qsd.py:220: RuntimeWarning: underflow encountered in matmul
  UX = VX @ WXdg
/leonardo_work/IscrC_QuSALa/venv_py311/lib/python3.11/site-packages/qiskit/synthesis/unitary/qsd.py:220: RuntimeWarning: underflow encountered in matmul
  UX = VX @ WXdg
/leonardo_work/IscrC_QuSALa/venv_py311/lib/python3.11/site-packages/qiskit/synthesis/unitary/qsd.py:220: RuntimeWarning: underflow encountered in matmul
  UX = VX @ WXdg
/leonardo_work/IscrC_QuSALa/venv_py311/lib/python3.11/site-packages/qiskit/synthesis/unitary/qsd.py:220: RuntimeWarning: underflow encountered in matmul
  UX = VX @ WXdg
/leonardo_work/IscrC_QuSALa/venv_py311/lib/python3.11/site-packages/qiskit/synthesis/unitary/qsd.py:220: RuntimeWarning: underflow encountered in matmul
  UX = VX @ WXdg
/leonardo_work/IscrC_QuSALa/venv_py311/lib/python3.11/site-packages/qiskit/synthesis/unitary/qsd.py:220: RuntimeWarning: underflow encountered in matmul
  UX = VX @ WXdg
/leonardo_work/IscrC_QuSALa/venv_py311/lib/python3.11/site-packages/qiskit/synthesis/unitary/qsd.py:220: RuntimeWarning: underflow encountered in matmul
  UX = VX @ WXdg
/leonardo_work/IscrC_QuSALa/venv_py311/lib/python3.11/site-packages/qiskit/synthesis/unitary/qsd.py:220: RuntimeWarning: underflow encountered in matmul
  UX = VX @ WXdg
/leonardo_work/IscrC_QuSALa/venv_py311/lib/python3.11/site-packages/qiskit/synthesis/unitary/qsd.py:220: RuntimeWarning: underflow encountered in matmul
  UX = VX @ WXdg
/leonardo_work/IscrC_QuSALa/venv_py311/lib/python3.11/site-packages/qiskit/synthesis/unitary/qsd.py:220: RuntimeWarning: underflow encountered in matmul
  UX = VX @ WXdg
/leonardo_work/IscrC_QuSALa/venv_py311/lib/python3.11/site-packages/qiskit/synthesis/unitary/qsd.py:220: RuntimeWarning: underflow encountered in matmul
  UX = VX @ WXdg
/leonardo_work/IscrC_QuSALa/venv_py311/lib/python3.11/site-packages/qiskit/synthesis/unitary/qsd.py:220: RuntimeWarning: underflow encountered in matmul
  UX = VX @ WXdg
/leonardo_work/IscrC_QuSALa/venv_py311/lib/python3.11/site-packages/qiskit/synthesis/unitary/qsd.py:220: RuntimeWarning: underflow encountered in matmul
  UX = VX @ WXdg
/leonardo_work/IscrC_QuSALa/venv_py311/lib/python3.11/site-packages/qiskit/synthesis/unitary/qsd.py:220: RuntimeWarning: underflow encountered in matmul
  UX = VX @ WXdg
/leonardo_work/IscrC_QuSALa/venv_py311/lib/python3.11/site-packages/qiskit/synthesis/unitary/qsd.py:220: RuntimeWarning: underflow encountered in matmul
  UX = VX @ WXdg
/leonardo_work/IscrC_QuSALa/venv_py311/lib/python3.11/site-packages/qiskit/synthesis/unitary/qsd.py:220: RuntimeWarning: underflow encountered in matmul
  UX = VX @ WXdg
/leonardo_work/IscrC_QuSALa/venv_py311/lib/python3.11/site-packages/qiskit/synthesis/unitary/qsd.py:220: RuntimeWarning: underflow encountered in matmul
  UX = VX @ WXdg
/leonardo_work/IscrC_QuSALa/venv_py311/lib/python3.11/site-packages/qiskit/synthesis/unitary/qsd.py:220: RuntimeWarning: underflow encountered in matmul
  UX = VX @ WXdg
/leonardo_work/IscrC_QuSALa/venv_py311/lib/python3.11/site-packages/qiskit/synthesis/unitary/qsd.py:220: RuntimeWarning: underflow encountered in matmul
  UX = VX @ WXdg
/leonardo_work/IscrC_QuSALa/venv_py311/lib/python3.11/site-packages/qiskit/synthesis/unitary/qsd.py:220: RuntimeWarning: underflow encountered in matmul
  UX = VX @ WXdg
/leonardo_work/IscrC_QuSALa/venv_py311/lib/python3.11/site-packages/qiskit/synthesis/unitary/qsd.py:220: RuntimeWarning: underflow encountered in matmul
  UX = VX @ WXdg
/leonardo_work/IscrC_QuSALa/venv_py311/lib/python3.11/site-packages/qiskit/synthesis/unitary/qsd.py:220: RuntimeWarning: underflow encountered in matmul
  UX = VX @ WXdg
/leonardo_work/IscrC_QuSALa/venv_py311/lib/python3.11/site-packages/qiskit/synthesis/unitary/qsd.py:220: RuntimeWarning: underflow encountered in matmul
  UX = VX @ WXdg
/leonardo_work/IscrC_QuSALa/venv_py311/lib/python3.11/site-packages/qiskit/synthesis/unitary/qsd.py:220: RuntimeWarning: underflow encountered in matmul
  UX = VX @ WXdg
/leonardo_work/IscrC_QuSALa/venv_py311/lib/python3.11/site-packages/qiskit/synthesis/unitary/qsd.py:220: RuntimeWarning: underflow encountered in matmul
  UX = VX @ WXdg
/leonardo_work/IscrC_QuSALa/venv_py311/lib/python3.11/site-packages/qiskit/synthesis/unitary/qsd.py:220: RuntimeWarning: underflow encountered in matmul
  UX = VX @ WXdg
/leonardo_work/IscrC_QuSALa/venv_py311/lib/python3.11/site-packages/qiskit/synthesis/unitary/qsd.py:220: RuntimeWarning: underflow encountered in matmul
  UX = VX @ WXdg
/leonardo_work/IscrC_QuSALa/venv_py311/lib/python3.11/site-packages/qiskit/synthesis/unitary/qsd.py:220: RuntimeWarning: underflow encountered in matmul
  UX = VX @ WXdg
/leonardo_work/IscrC_QuSALa/venv_py311/lib/python3.11/site-packages/qiskit/synthesis/unitary/qsd.py:220: RuntimeWarning: underflow encountered in matmul
  UX = VX @ WXdg
/leonardo_work/IscrC_QuSALa/venv_py311/lib/python3.11/site-packages/qiskit/synthesis/unitary/qsd.py:220: RuntimeWarning: underflow encountered in matmul
  UX = VX @ WXdg
/leonardo_work/IscrC_QuSALa/venv_py311/lib/python3.11/site-packages/qiskit/synthesis/unitary/qsd.py:220: RuntimeWarning: underflow encountered in matmul
  UX = VX @ WXdg
/leonardo_work/IscrC_QuSALa/venv_py311/lib/python3.11/site-packages/qiskit/synthesis/unitary/qsd.py:220: RuntimeWarning: underflow encountered in matmul
  UX = VX @ WXdg
/leonardo_work/IscrC_QuSALa/venv_py311/lib/python3.11/site-packages/qiskit/synthesis/unitary/qsd.py:220: RuntimeWarning: underflow encountered in matmul
  UX = VX @ WXdg
/leonardo_work/IscrC_QuSALa/venv_py311/lib/python3.11/site-packages/qiskit/synthesis/unitary/qsd.py:220: RuntimeWarning: underflow encountered in matmul
  UX = VX @ WXdg
/leonardo_work/IscrC_QuSALa/venv_py311/lib/python3.11/site-packages/qiskit/synthesis/unitary/qsd.py:220: RuntimeWarning: underflow encountered in matmul
  UX = VX @ WXdg
/leonardo_work/IscrC_QuSALa/venv_py311/lib/python3.11/site-packages/qiskit/synthesis/unitary/qsd.py:220: RuntimeWarning: underflow encountered in matmul
  UX = VX @ WXdg
/leonardo_work/IscrC_QuSALa/venv_py311/lib/python3.11/site-packages/qiskit/synthesis/unitary/qsd.py:220: RuntimeWarning: underflow encountered in matmul
  UX = VX @ WXdg
/leonardo_work/IscrC_QuSALa/venv_py311/lib/python3.11/site-packages/qiskit/synthesis/unitary/qsd.py:220: RuntimeWarning: underflow encountered in matmul
  UX = VX @ WXdg
/leonardo_work/IscrC_QuSALa/venv_py311/lib/python3.11/site-packages/qiskit/synthesis/unitary/qsd.py:220: RuntimeWarning: underflow encountered in matmul
  UX = VX @ WXdg
/leonardo_work/IscrC_QuSALa/venv_py311/lib/python3.11/site-packages/qiskit/synthesis/unitary/qsd.py:220: RuntimeWarning: underflow encountered in matmul
  UX = VX @ WXdg
/leonardo_work/IscrC_QuSALa/venv_py311/lib/python3.11/site-packages/qiskit/synthesis/unitary/qsd.py:220: RuntimeWarning: underflow encountered in matmul
  UX = VX @ WXdg
/leonardo_work/IscrC_QuSALa/venv_py311/lib/python3.11/site-packages/qiskit/synthesis/unitary/qsd.py:220: RuntimeWarning: underflow encountered in matmul
  UX = VX @ WXdg
/leonardo_work/IscrC_QuSALa/venv_py311/lib/python3.11/site-packages/qiskit/synthesis/unitary/qsd.py:220: RuntimeWarning: underflow encountered in matmul
  UX = VX @ WXdg
/leonardo_work/IscrC_QuSALa/venv_py311/lib/python3.11/site-packages/qiskit/synthesis/unitary/qsd.py:220: RuntimeWarning: underflow encountered in matmul
  UX = VX @ WXdg
/leonardo_work/IscrC_QuSALa/venv_py311/lib/python3.11/site-packages/qiskit/synthesis/unitary/qsd.py:220: RuntimeWarning: underflow encountered in matmul
  UX = VX @ WXdg
/leonardo_work/IscrC_QuSALa/venv_py311/lib/python3.11/site-packages/qiskit/synthesis/unitary/qsd.py:220: RuntimeWarning: underflow encountered in matmul
  UX = VX @ WXdg
/leonardo_work/IscrC_QuSALa/venv_py311/lib/python3.11/site-packages/qiskit/synthesis/unitary/qsd.py:220: RuntimeWarning: underflow encountered in matmul
  UX = VX @ WXdg
/leonardo_work/IscrC_QuSALa/venv_py311/lib/python3.11/site-packages/qiskit/synthesis/unitary/qsd.py:220: RuntimeWarning: underflow encountered in matmul
  UX = VX @ WXdg
/leonardo_work/IscrC_QuSALa/venv_py311/lib/python3.11/site-packages/qiskit/synthesis/unitary/qsd.py:220: RuntimeWarning: underflow encountered in matmul
  UX = VX @ WXdg
/leonardo_work/IscrC_QuSALa/venv_py311/lib/python3.11/site-packages/qiskit/synthesis/unitary/qsd.py:220: RuntimeWarning: underflow encountered in matmul
  UX = VX @ WXdg
/leonardo_work/IscrC_QuSALa/venv_py311/lib/python3.11/site-packages/qiskit/synthesis/unitary/qsd.py:220: RuntimeWarning: underflow encountered in matmul
  UX = VX @ WXdg
/leonardo_work/IscrC_QuSALa/venv_py311/lib/python3.11/site-packages/qiskit/synthesis/unitary/qsd.py:220: RuntimeWarning: underflow encountered in matmul
  UX = VX @ WXdg
/leonardo_work/IscrC_QuSALa/venv_py311/lib/python3.11/site-packages/qiskit/synthesis/unitary/qsd.py:219: RuntimeWarning: underflow encountered in matmul
  SX = VX @ Sigma @ VXdg
/leonardo_work/IscrC_QuSALa/venv_py311/lib/python3.11/site-packages/qiskit/synthesis/unitary/qsd.py:220: RuntimeWarning: underflow encountered in matmul
  UX = VX @ WXdg
/leonardo_work/IscrC_QuSALa/venv_py311/lib/python3.11/site-packages/qiskit/synthesis/unitary/qsd.py:220: RuntimeWarning: underflow encountered in matmul
  UX = VX @ WXdg
/leonardo_work/IscrC_QuSALa/venv_py311/lib/python3.11/site-packages/qiskit/synthesis/unitary/qsd.py:220: RuntimeWarning: underflow encountered in matmul
  UX = VX @ WXdg
/leonardo_work/IscrC_QuSALa/venv_py311/lib/python3.11/site-packages/qiskit/synthesis/unitary/qsd.py:220: RuntimeWarning: underflow encountered in matmul
  UX = VX @ WXdg
/leonardo_work/IscrC_QuSALa/venv_py311/lib/python3.11/site-packages/qiskit/synthesis/unitary/qsd.py:220: RuntimeWarning: underflow encountered in matmul
  UX = VX @ WXdg
/leonardo_work/IscrC_QuSALa/venv_py311/lib/python3.11/site-packages/qiskit/synthesis/unitary/qsd.py:220: RuntimeWarning: underflow encountered in matmul
  UX = VX @ WXdg
/leonardo_work/IscrC_QuSALa/venv_py311/lib/python3.11/site-packages/qiskit/synthesis/unitary/qsd.py:220: RuntimeWarning: underflow encountered in matmul
  UX = VX @ WXdg
/leonardo_work/IscrC_QuSALa/venv_py311/lib/python3.11/site-packages/qiskit/synthesis/unitary/qsd.py:220: RuntimeWarning: underflow encountered in matmul
  UX = VX @ WXdg
/leonardo_work/IscrC_QuSALa/venv_py311/lib/python3.11/site-packages/qiskit/synthesis/unitary/qsd.py:220: RuntimeWarning: underflow encountered in matmul
  UX = VX @ WXdg
/leonardo_work/IscrC_QuSALa/venv_py311/lib/python3.11/site-packages/qiskit/synthesis/unitary/qsd.py:220: RuntimeWarning: underflow encountered in matmul
  UX = VX @ WXdg
/leonardo_work/IscrC_QuSALa/venv_py311/lib/python3.11/site-packages/qiskit/synthesis/unitary/qsd.py:220: RuntimeWarning: underflow encountered in matmul
  UX = VX @ WXdg
/leonardo_work/IscrC_QuSALa/venv_py311/lib/python3.11/site-packages/qiskit/synthesis/unitary/qsd.py:220: RuntimeWarning: underflow encountered in matmul
  UX = VX @ WXdg
/leonardo_work/IscrC_QuSALa/venv_py311/lib/python3.11/site-packages/qiskit/synthesis/unitary/qsd.py:220: RuntimeWarning: underflow encountered in matmul
  UX = VX @ WXdg
/leonardo_work/IscrC_QuSALa/venv_py311/lib/python3.11/site-packages/qiskit/synthesis/unitary/qsd.py:220: RuntimeWarning: underflow encountered in matmul
  UX = VX @ WXdg
/leonardo_work/IscrC_QuSALa/venv_py311/lib/python3.11/site-packages/qiskit/synthesis/unitary/qsd.py:220: RuntimeWarning: underflow encountered in matmul
  UX = VX @ WXdg
/leonardo_work/IscrC_QuSALa/venv_py311/lib/python3.11/site-packages/qiskit/synthesis/unitary/qsd.py:220: RuntimeWarning: underflow encountered in matmul
  UX = VX @ WXdg
/leonardo_work/IscrC_QuSALa/venv_py311/lib/python3.11/site-packages/qiskit/synthesis/unitary/qsd.py:220: RuntimeWarning: underflow encountered in matmul
  UX = VX @ WXdg
/leonardo_work/IscrC_QuSALa/venv_py311/lib/python3.11/site-packages/qiskit/synthesis/unitary/qsd.py:220: RuntimeWarning: underflow encountered in matmul
  UX = VX @ WXdg
/leonardo_work/IscrC_QuSALa/venv_py311/lib/python3.11/site-packages/qiskit/synthesis/unitary/qsd.py:220: RuntimeWarning: underflow encountered in matmul
  UX = VX @ WXdg
/leonardo_work/IscrC_QuSALa/venv_py311/lib/python3.11/site-packages/qiskit/synthesis/unitary/qsd.py:220: RuntimeWarning: underflow encountered in matmul
  UX = VX @ WXdg
/leonardo_work/IscrC_QuSALa/venv_py311/lib/python3.11/site-packages/qiskit/synthesis/unitary/qsd.py:220: RuntimeWarning: underflow encountered in matmul
  UX = VX @ WXdg
/leonardo_work/IscrC_QuSALa/venv_py311/lib/python3.11/site-packages/qiskit/synthesis/unitary/qsd.py:220: RuntimeWarning: underflow encountered in matmul
  UX = VX @ WXdg
/leonardo_work/IscrC_QuSALa/venv_py311/lib/python3.11/site-packages/qiskit/synthesis/unitary/qsd.py:220: RuntimeWarning: underflow encountered in matmul
  UX = VX @ WXdg
/leonardo_work/IscrC_QuSALa/venv_py311/lib/python3.11/site-packages/qiskit/synthesis/unitary/qsd.py:220: RuntimeWarning: underflow encountered in matmul
  UX = VX @ WXdg
/leonardo_work/IscrC_QuSALa/venv_py311/lib/python3.11/site-packages/qiskit/synthesis/unitary/qsd.py:220: RuntimeWarning: underflow encountered in matmul
  UX = VX @ WXdg
/leonardo_work/IscrC_QuSALa/venv_py311/lib/python3.11/site-packages/qiskit/synthesis/unitary/qsd.py:220: RuntimeWarning: underflow encountered in matmul
  UX = VX @ WXdg
/leonardo_work/IscrC_QuSALa/venv_py311/lib/python3.11/site-packages/qiskit/synthesis/unitary/qsd.py:220: RuntimeWarning: underflow encountered in matmul
  UX = VX @ WXdg
/leonardo_work/IscrC_QuSALa/venv_py311/lib/python3.11/site-packages/qiskit/synthesis/unitary/qsd.py:220: RuntimeWarning: underflow encountered in matmul
  UX = VX @ WXdg
/leonardo_work/IscrC_QuSALa/venv_py311/lib/python3.11/site-packages/qiskit/synthesis/unitary/qsd.py:220: RuntimeWarning: underflow encountered in matmul
  UX = VX @ WXdg
/leonardo_work/IscrC_QuSALa/venv_py311/lib/python3.11/site-packages/qiskit/synthesis/unitary/qsd.py:220: RuntimeWarning: underflow encountered in matmul
  UX = VX @ WXdg
/leonardo_work/IscrC_QuSALa/venv_py311/lib/python3.11/site-packages/qiskit/synthesis/unitary/qsd.py:220: RuntimeWarning: underflow encountered in matmul
  UX = VX @ WXdg
/leonardo_work/IscrC_QuSALa/venv_py311/lib/python3.11/site-packages/qiskit/synthesis/unitary/qsd.py:220: RuntimeWarning: underflow encountered in matmul
  UX = VX @ WXdg
/leonardo_work/IscrC_QuSALa/venv_py311/lib/python3.11/site-packages/qiskit/synthesis/unitary/qsd.py:220: RuntimeWarning: underflow encountered in matmul
  UX = VX @ WXdg
/leonardo_work/IscrC_QuSALa/venv_py311/lib/python3.11/site-packages/qiskit/synthesis/unitary/qsd.py:220: RuntimeWarning: underflow encountered in matmul
  UX = VX @ WXdg
/leonardo_work/IscrC_QuSALa/venv_py311/lib/python3.11/site-packages/qiskit/synthesis/unitary/qsd.py:220: RuntimeWarning: underflow encountered in matmul
  UX = VX @ WXdg
/leonardo_work/IscrC_QuSALa/venv_py311/lib/python3.11/site-packages/qiskit/synthesis/unitary/qsd.py:220: RuntimeWarning: underflow encountered in matmul
  UX = VX @ WXdg
/leonardo_work/IscrC_QuSALa/venv_py311/lib/python3.11/site-packages/qiskit/synthesis/unitary/qsd.py:220: RuntimeWarning: underflow encountered in matmul
  UX = VX @ WXdg
/leonardo_work/IscrC_QuSALa/venv_py311/lib/python3.11/site-packages/qiskit/synthesis/unitary/qsd.py:220: RuntimeWarning: underflow encountered in matmul
  UX = VX @ WXdg
/leonardo_work/IscrC_QuSALa/venv_py311/lib/python3.11/site-packages/qiskit/synthesis/unitary/qsd.py:220: RuntimeWarning: underflow encountered in matmul
  UX = VX @ WXdg
/leonardo_work/IscrC_QuSALa/venv_py311/lib/python3.11/site-packages/qiskit/synthesis/unitary/qsd.py:220: RuntimeWarning: underflow encountered in matmul
  UX = VX @ WXdg
/leonardo_work/IscrC_QuSALa/venv_py311/lib/python3.11/site-packages/qiskit/synthesis/unitary/qsd.py:220: RuntimeWarning: underflow encountered in matmul
  UX = VX @ WXdg
slurmstepd: error: Detected 1 oom_kill event in StepId=33454246.0. Some of the step tasks have been OOM Killed.
srun: error: lrdn2960: task 25: Out Of Memory
slurmstepd: error:  mpi/pmix_v3: _errhandler: lrdn2960 [1]: pmixp_client_v2.c:212: Error handler invoked: status = -25, source = [slurm.pmix.33454246.0:25]
slurmstepd: error: *** STEP 33454246.0 ON lrdn2891 CANCELLED AT 2026-02-04T17:22:47 ***
srun: Job step aborted: Waiting up to 122 seconds for job step to finish.
srun: error: lrdn3112: tasks 90,92,99: Killed
srun: error: lrdn3081: tasks 61,65: Killed
srun: error: lrdn2891: tasks 5,7: Killed
srun: error: lrdn3009: tasks 46-47,49: Killed
srun: error: lrdn2891: task 1: Killed
srun: error: lrdn3081: task 71: Killed
slurmstepd: error:  mpi/pmix_v3: _errhandler: lrdn2960 [1]: pmixp_client_v2.c:212: Error handler invoked: status = -25, source = [slurm.pmix.33454246.0:27]
slurmstepd: error:  mpi/pmix_v3: _errhandler: lrdn3112 [4]: pmixp_client_v2.c:212: Error handler invoked: status = -25, source = [slurm.pmix.33454246.0:92]
slurmstepd: error:  mpi/pmix_v3: _errhandler: lrdn3009 [2]: pmixp_client_v2.c:212: Error handler invoked: status = -25, source = [slurm.pmix.33454246.0:46]
slurmstepd: error:  mpi/pmix_v3: _errhandler: lrdn2891 [0]: pmixp_client_v2.c:212: Error handler invoked: status = -25, source = [slurm.pmix.33454246.0:7]
slurmstepd: error:  mpi/pmix_v3: _errhandler: lrdn3081 [3]: pmixp_client_v2.c:212: Error handler invoked: status = -25, source = [slurm.pmix.33454246.0:61]
srun: error: lrdn3112: task 85: Killed
srun: error: lrdn3081: task 67: Killed
srun: error: lrdn3009: task 50: Killed
srun: error: lrdn3081: task 79: Killed
srun: error: lrdn3112: task 96: Killed
srun: error: lrdn3009: task 57: Killed
srun: error: lrdn2891: tasks 8-9: Killed
slurmstepd: error:  mpi/pmix_v3: _errhandler: lrdn3081 [3]: pmixp_client_v2.c:212: Error handler invoked: status = -25, source = [slurm.pmix.33454246.0:67]
slurmstepd: error:  mpi/pmix_v3: _errhandler: lrdn3112 [4]: pmixp_client_v2.c:212: Error handler invoked: status = -25, source = [slurm.pmix.33454246.0:85]
slurmstepd: error:  mpi/pmix_v3: _errhandler: lrdn3009 [2]: pmixp_client_v2.c:212: Error handler invoked: status = -25, source = [slurm.pmix.33454246.0:50]
slurmstepd: error:  mpi/pmix_v3: _errhandler: lrdn2891 [0]: pmixp_client_v2.c:212: Error handler invoked: status = -25, source = [slurm.pmix.33454246.0:9]
srun: error: lrdn3112: task 97: Killed
srun: error: lrdn3009: task 56: Killed
slurmstepd: error:  mpi/pmix_v3: _errhandler: lrdn2960 [1]: pmixp_client_v2.c:212: Error handler invoked: status = -25, source = [slurm.pmix.33454246.0:30]
srun: error: lrdn2891: task 15: Killed
srun: error: lrdn3081: task 69: Killed
srun: error: lrdn3009: task 41: Killed
slurmstepd: error:  mpi/pmix_v3: _errhandler: lrdn3112 [4]: pmixp_client_v2.c:212: Error handler invoked: status = -25, source = [slurm.pmix.33454246.0:97]
srun: error: lrdn2891: tasks 0,3: Killed
srun: error: lrdn3081: task 73: Killed
slurmstepd: error:  mpi/pmix_v3: _errhandler: lrdn3009 [2]: pmixp_client_v2.c:212: Error handler invoked: status = -25, source = [slurm.pmix.33454246.0:56]
srun: error: lrdn3081: task 64: Killed
slurmstepd: error:  mpi/pmix_v3: _errhandler: lrdn2891 [0]: pmixp_client_v2.c:212: Error handler invoked: status = -25, source = [slurm.pmix.33454246.0:15]
srun: error: lrdn3009: task 51: Killed
srun: error: lrdn3112: task 82: Killed
srun: error: lrdn3112: tasks 84,95: Killed
slurmstepd: error:  mpi/pmix_v3: _errhandler: lrdn3081 [3]: pmixp_client_v2.c:212: Error handler invoked: status = -25, source = [slurm.pmix.33454246.0:69]
srun: error: lrdn3081: task 74: Killed
srun: error: lrdn3009: task 53: Killed
slurmstepd: error:  mpi/pmix_v3: _errhandler: lrdn3112 [4]: pmixp_client_v2.c:212: Error handler invoked: status = -25, source = [slurm.pmix.33454246.0:82]
srun: error: lrdn2891: task 11: Killed
srun: error: lrdn3081: task 76: Killed
srun: error: lrdn3112: task 98: Killed
srun: error: lrdn3009: task 55: Killed
srun: error: lrdn3081: tasks 68,78: Killed
srun: error: lrdn3112: tasks 81,87,89: Killed
srun: error: lrdn3112: tasks 80,83,86,88,91,93-94: Killed
srun: error: lrdn3081: tasks 60,62-63,66,70,72,75: Killed
srun: error: lrdn3081: task 77: Killed
srun: error: lrdn3009: tasks 40,42-45,48,52,54,58-59: Killed
srun: error: lrdn2891: task 12: Killed
srun: error: lrdn2891: tasks 2,4,6,10,13-14,17-19: Killed
srun: error: lrdn2891: task 16: Killed
