/leonardo_work/IscrC_QuSALa/venv_py311/lib/python3.11/site-packages/qiskit/synthesis/unitary/qsd.py:220: RuntimeWarning: underflow encountered in matmul
  UX = VX @ WXdg
/leonardo_work/IscrC_QuSALa/venv_py311/lib/python3.11/site-packages/qiskit/synthesis/unitary/qsd.py:220: RuntimeWarning: underflow encountered in matmul
  UX = VX @ WXdg
/leonardo_work/IscrC_QuSALa/venv_py311/lib/python3.11/site-packages/qiskit/synthesis/unitary/qsd.py:220: RuntimeWarning: underflow encountered in matmul
  UX = VX @ WXdg
/leonardo_work/IscrC_QuSALa/venv_py311/lib/python3.11/site-packages/qiskit/synthesis/unitary/qsd.py:220: RuntimeWarning: underflow encountered in matmul
  UX = VX @ WXdg
/leonardo_work/IscrC_QuSALa/venv_py311/lib/python3.11/site-packages/qiskit/synthesis/unitary/qsd.py:220: RuntimeWarning: underflow encountered in matmul
  UX = VX @ WXdg
/leonardo_work/IscrC_QuSALa/venv_py311/lib/python3.11/site-packages/qiskit/synthesis/unitary/qsd.py:220: RuntimeWarning: underflow encountered in matmul
  UX = VX @ WXdg
/leonardo_work/IscrC_QuSALa/venv_py311/lib/python3.11/site-packages/qiskit/synthesis/unitary/qsd.py:220: RuntimeWarning: underflow encountered in matmul
  UX = VX @ WXdg
/leonardo_work/IscrC_QuSALa/venv_py311/lib/python3.11/site-packages/qiskit/synthesis/unitary/qsd.py:220: RuntimeWarning: underflow encountered in matmul
  UX = VX @ WXdg
/leonardo_work/IscrC_QuSALa/venv_py311/lib/python3.11/site-packages/qiskit/synthesis/unitary/qsd.py:220: RuntimeWarning: underflow encountered in matmul
  UX = VX @ WXdg
/leonardo_work/IscrC_QuSALa/venv_py311/lib/python3.11/site-packages/qiskit/synthesis/unitary/qsd.py:220: RuntimeWarning: underflow encountered in matmul
  UX = VX @ WXdg
/leonardo_work/IscrC_QuSALa/venv_py311/lib/python3.11/site-packages/qiskit/synthesis/unitary/qsd.py:220: RuntimeWarning: underflow encountered in matmul
  UX = VX @ WXdg
/leonardo_work/IscrC_QuSALa/venv_py311/lib/python3.11/site-packages/qiskit/synthesis/unitary/qsd.py:220: RuntimeWarning: underflow encountered in matmul
  UX = VX @ WXdg
/leonardo_work/IscrC_QuSALa/venv_py311/lib/python3.11/site-packages/qiskit/synthesis/unitary/qsd.py:220: RuntimeWarning: underflow encountered in matmul
  UX = VX @ WXdg
/leonardo_work/IscrC_QuSALa/venv_py311/lib/python3.11/site-packages/qiskit/synthesis/unitary/qsd.py:220: RuntimeWarning: underflow encountered in matmul
  UX = VX @ WXdg
/leonardo_work/IscrC_QuSALa/venv_py311/lib/python3.11/site-packages/qiskit/synthesis/unitary/qsd.py:220: RuntimeWarning: underflow encountered in matmul
  UX = VX @ WXdg
/leonardo_work/IscrC_QuSALa/venv_py311/lib/python3.11/site-packages/qiskit/synthesis/unitary/qsd.py:220: RuntimeWarning: underflow encountered in matmul
  UX = VX @ WXdg
/leonardo_work/IscrC_QuSALa/venv_py311/lib/python3.11/site-packages/qiskit/synthesis/unitary/qsd.py:220: RuntimeWarning: underflow encountered in matmul
  UX = VX @ WXdg
/leonardo_work/IscrC_QuSALa/venv_py311/lib/python3.11/site-packages/qiskit/synthesis/unitary/qsd.py:220: RuntimeWarning: underflow encountered in matmul
  UX = VX @ WXdg
/leonardo_work/IscrC_QuSALa/venv_py311/lib/python3.11/site-packages/qiskit/synthesis/unitary/qsd.py:220: RuntimeWarning: underflow encountered in matmul
  UX = VX @ WXdg
/leonardo_work/IscrC_QuSALa/venv_py311/lib/python3.11/site-packages/qiskit/synthesis/unitary/qsd.py:220: RuntimeWarning: underflow encountered in matmul
  UX = VX @ WXdg
/leonardo_work/IscrC_QuSALa/venv_py311/lib/python3.11/site-packages/qiskit/synthesis/unitary/qsd.py:220: RuntimeWarning: underflow encountered in matmul
  UX = VX @ WXdg
/leonardo_work/IscrC_QuSALa/venv_py311/lib/python3.11/site-packages/qiskit/synthesis/unitary/qsd.py:220: RuntimeWarning: underflow encountered in matmul
  UX = VX @ WXdg
/leonardo_work/IscrC_QuSALa/venv_py311/lib/python3.11/site-packages/qiskit/synthesis/unitary/qsd.py:220: RuntimeWarning: underflow encountered in matmul
  UX = VX @ WXdg
/leonardo_work/IscrC_QuSALa/venv_py311/lib/python3.11/site-packages/qiskit/synthesis/unitary/qsd.py:220: RuntimeWarning: underflow encountered in matmul
  UX = VX @ WXdg
/leonardo_work/IscrC_QuSALa/venv_py311/lib/python3.11/site-packages/qiskit/synthesis/unitary/qsd.py:220: RuntimeWarning: underflow encountered in matmul
  UX = VX @ WXdg
/leonardo_work/IscrC_QuSALa/venv_py311/lib/python3.11/site-packages/qiskit/synthesis/unitary/qsd.py:220: RuntimeWarning: underflow encountered in matmul
  UX = VX @ WXdg
/leonardo_work/IscrC_QuSALa/venv_py311/lib/python3.11/site-packages/qiskit/synthesis/unitary/qsd.py:220: RuntimeWarning: underflow encountered in matmul
  UX = VX @ WXdg
/leonardo_work/IscrC_QuSALa/venv_py311/lib/python3.11/site-packages/qiskit/synthesis/unitary/qsd.py:220: RuntimeWarning: underflow encountered in matmul
  UX = VX @ WXdg
/leonardo_work/IscrC_QuSALa/venv_py311/lib/python3.11/site-packages/qiskit/synthesis/unitary/qsd.py:220: RuntimeWarning: underflow encountered in matmul
  UX = VX @ WXdg
/leonardo_work/IscrC_QuSALa/venv_py311/lib/python3.11/site-packages/qiskit/synthesis/unitary/qsd.py:220: RuntimeWarning: underflow encountered in matmul
  UX = VX @ WXdg
/leonardo_work/IscrC_QuSALa/venv_py311/lib/python3.11/site-packages/qiskit/synthesis/unitary/qsd.py:220: RuntimeWarning: underflow encountered in matmul
  UX = VX @ WXdg
/leonardo_work/IscrC_QuSALa/venv_py311/lib/python3.11/site-packages/qiskit/synthesis/unitary/qsd.py:220: RuntimeWarning: underflow encountered in matmul
  UX = VX @ WXdg
/leonardo_work/IscrC_QuSALa/venv_py311/lib/python3.11/site-packages/qiskit/synthesis/unitary/qsd.py:220: RuntimeWarning: underflow encountered in matmul
  UX = VX @ WXdg
/leonardo_work/IscrC_QuSALa/venv_py311/lib/python3.11/site-packages/qiskit/synthesis/unitary/qsd.py:220: RuntimeWarning: underflow encountered in matmul
  UX = VX @ WXdg
/leonardo_work/IscrC_QuSALa/venv_py311/lib/python3.11/site-packages/qiskit/synthesis/unitary/qsd.py:220: RuntimeWarning: underflow encountered in matmul
  UX = VX @ WXdg
/leonardo_work/IscrC_QuSALa/venv_py311/lib/python3.11/site-packages/qiskit/synthesis/unitary/qsd.py:220: RuntimeWarning: underflow encountered in matmul
  UX = VX @ WXdg
/leonardo_work/IscrC_QuSALa/venv_py311/lib/python3.11/site-packages/qiskit/synthesis/unitary/qsd.py:220: RuntimeWarning: underflow encountered in matmul
  UX = VX @ WXdg
/leonardo_work/IscrC_QuSALa/venv_py311/lib/python3.11/site-packages/qiskit/synthesis/unitary/qsd.py:220: RuntimeWarning: underflow encountered in matmul
  UX = VX @ WXdg
/leonardo_work/IscrC_QuSALa/venv_py311/lib/python3.11/site-packages/qiskit/synthesis/unitary/qsd.py:220: RuntimeWarning: underflow encountered in matmul
  UX = VX @ WXdg
/leonardo_work/IscrC_QuSALa/venv_py311/lib/python3.11/site-packages/qiskit/synthesis/unitary/qsd.py:220: RuntimeWarning: underflow encountered in matmul
  UX = VX @ WXdg
/leonardo_work/IscrC_QuSALa/venv_py311/lib/python3.11/site-packages/qiskit/synthesis/unitary/qsd.py:220: RuntimeWarning: underflow encountered in matmul
  UX = VX @ WXdg
/leonardo_work/IscrC_QuSALa/venv_py311/lib/python3.11/site-packages/qiskit/synthesis/unitary/qsd.py:220: RuntimeWarning: underflow encountered in matmul
  UX = VX @ WXdg
/leonardo_work/IscrC_QuSALa/venv_py311/lib/python3.11/site-packages/qiskit/synthesis/unitary/qsd.py:220: RuntimeWarning: underflow encountered in matmul
  UX = VX @ WXdg
/leonardo_work/IscrC_QuSALa/venv_py311/lib/python3.11/site-packages/qiskit/synthesis/unitary/qsd.py:220: RuntimeWarning: underflow encountered in matmul
  UX = VX @ WXdg
/leonardo_work/IscrC_QuSALa/venv_py311/lib/python3.11/site-packages/qiskit/synthesis/unitary/qsd.py:220: RuntimeWarning: underflow encountered in matmul
  UX = VX @ WXdg
/leonardo_work/IscrC_QuSALa/venv_py311/lib/python3.11/site-packages/qiskit/synthesis/unitary/qsd.py:220: RuntimeWarning: underflow encountered in matmul
  UX = VX @ WXdg
/leonardo_work/IscrC_QuSALa/venv_py311/lib/python3.11/site-packages/qiskit/synthesis/unitary/qsd.py:220: RuntimeWarning: underflow encountered in matmul
  UX = VX @ WXdg
/leonardo_work/IscrC_QuSALa/venv_py311/lib/python3.11/site-packages/qiskit/synthesis/unitary/qsd.py:220: RuntimeWarning: underflow encountered in matmul
  UX = VX @ WXdg
/leonardo_work/IscrC_QuSALa/venv_py311/lib/python3.11/site-packages/qiskit/synthesis/unitary/qsd.py:220: RuntimeWarning: underflow encountered in matmul
  UX = VX @ WXdg
/leonardo_work/IscrC_QuSALa/venv_py311/lib/python3.11/site-packages/qiskit/synthesis/unitary/qsd.py:220: RuntimeWarning: underflow encountered in matmul
  UX = VX @ WXdg
/leonardo_work/IscrC_QuSALa/venv_py311/lib/python3.11/site-packages/qiskit/synthesis/unitary/qsd.py:220: RuntimeWarning: underflow encountered in matmul
  UX = VX @ WXdg
/leonardo_work/IscrC_QuSALa/venv_py311/lib/python3.11/site-packages/qiskit/synthesis/unitary/qsd.py:220: RuntimeWarning: underflow encountered in matmul
  UX = VX @ WXdg
/leonardo_work/IscrC_QuSALa/venv_py311/lib/python3.11/site-packages/qiskit/synthesis/unitary/qsd.py:220: RuntimeWarning: underflow encountered in matmul
  UX = VX @ WXdg
/leonardo_work/IscrC_QuSALa/venv_py311/lib/python3.11/site-packages/qiskit/synthesis/unitary/qsd.py:220: RuntimeWarning: underflow encountered in matmul
  UX = VX @ WXdg
/leonardo_work/IscrC_QuSALa/venv_py311/lib/python3.11/site-packages/qiskit/synthesis/unitary/qsd.py:220: RuntimeWarning: underflow encountered in matmul
  UX = VX @ WXdg
/leonardo_work/IscrC_QuSALa/venv_py311/lib/python3.11/site-packages/qiskit/synthesis/unitary/qsd.py:220: RuntimeWarning: underflow encountered in matmul
  UX = VX @ WXdg
/leonardo_work/IscrC_QuSALa/venv_py311/lib/python3.11/site-packages/qiskit/synthesis/unitary/qsd.py:220: RuntimeWarning: underflow encountered in matmul
  UX = VX @ WXdg
/leonardo_work/IscrC_QuSALa/venv_py311/lib/python3.11/site-packages/qiskit/synthesis/unitary/qsd.py:220: RuntimeWarning: underflow encountered in matmul
  UX = VX @ WXdg
/leonardo_work/IscrC_QuSALa/venv_py311/lib/python3.11/site-packages/qiskit/synthesis/unitary/qsd.py:220: RuntimeWarning: underflow encountered in matmul
  UX = VX @ WXdg
/leonardo_work/IscrC_QuSALa/venv_py311/lib/python3.11/site-packages/qiskit/synthesis/unitary/qsd.py:220: RuntimeWarning: underflow encountered in matmul
  UX = VX @ WXdg
/leonardo_work/IscrC_QuSALa/venv_py311/lib/python3.11/site-packages/qiskit/synthesis/unitary/qsd.py:220: RuntimeWarning: underflow encountered in matmul
  UX = VX @ WXdg
/leonardo_work/IscrC_QuSALa/venv_py311/lib/python3.11/site-packages/qiskit/synthesis/unitary/qsd.py:220: RuntimeWarning: underflow encountered in matmul
  UX = VX @ WXdg
/leonardo_work/IscrC_QuSALa/venv_py311/lib/python3.11/site-packages/qiskit/synthesis/unitary/qsd.py:220: RuntimeWarning: underflow encountered in matmul
  UX = VX @ WXdg
/leonardo_work/IscrC_QuSALa/venv_py311/lib/python3.11/site-packages/qiskit/synthesis/unitary/qsd.py:220: RuntimeWarning: underflow encountered in matmul
  UX = VX @ WXdg
/leonardo_work/IscrC_QuSALa/venv_py311/lib/python3.11/site-packages/qiskit/synthesis/unitary/qsd.py:220: RuntimeWarning: underflow encountered in matmul
  UX = VX @ WXdg
/leonardo_work/IscrC_QuSALa/venv_py311/lib/python3.11/site-packages/qiskit/synthesis/unitary/qsd.py:220: RuntimeWarning: underflow encountered in matmul
  UX = VX @ WXdg
/leonardo_work/IscrC_QuSALa/venv_py311/lib/python3.11/site-packages/qiskit/synthesis/unitary/qsd.py:220: RuntimeWarning: underflow encountered in matmul
  UX = VX @ WXdg
/leonardo_work/IscrC_QuSALa/venv_py311/lib/python3.11/site-packages/qiskit/synthesis/unitary/qsd.py:220: RuntimeWarning: underflow encountered in matmul
  UX = VX @ WXdg
/leonardo_work/IscrC_QuSALa/venv_py311/lib/python3.11/site-packages/qiskit/synthesis/unitary/qsd.py:220: RuntimeWarning: underflow encountered in matmul
  UX = VX @ WXdg
/leonardo_work/IscrC_QuSALa/venv_py311/lib/python3.11/site-packages/qiskit/synthesis/unitary/qsd.py:220: RuntimeWarning: underflow encountered in matmul
  UX = VX @ WXdg
/leonardo_work/IscrC_QuSALa/venv_py311/lib/python3.11/site-packages/qiskit/synthesis/unitary/qsd.py:220: RuntimeWarning: underflow encountered in matmul
  UX = VX @ WXdg
/leonardo_work/IscrC_QuSALa/venv_py311/lib/python3.11/site-packages/qiskit/synthesis/unitary/qsd.py:220: RuntimeWarning: underflow encountered in matmul
  UX = VX @ WXdg
/leonardo_work/IscrC_QuSALa/venv_py311/lib/python3.11/site-packages/qiskit/synthesis/unitary/qsd.py:220: RuntimeWarning: underflow encountered in matmul
  UX = VX @ WXdg
/leonardo_work/IscrC_QuSALa/venv_py311/lib/python3.11/site-packages/qiskit/synthesis/unitary/qsd.py:220: RuntimeWarning: underflow encountered in matmul
  UX = VX @ WXdg
/leonardo_work/IscrC_QuSALa/venv_py311/lib/python3.11/site-packages/qiskit/synthesis/unitary/qsd.py:220: RuntimeWarning: underflow encountered in matmul
  UX = VX @ WXdg
/leonardo_work/IscrC_QuSALa/venv_py311/lib/python3.11/site-packages/qiskit/synthesis/unitary/qsd.py:220: RuntimeWarning: underflow encountered in matmul
  UX = VX @ WXdg
/leonardo_work/IscrC_QuSALa/venv_py311/lib/python3.11/site-packages/qiskit/synthesis/unitary/qsd.py:220: RuntimeWarning: underflow encountered in matmul
  UX = VX @ WXdg
/leonardo_work/IscrC_QuSALa/venv_py311/lib/python3.11/site-packages/qiskit/synthesis/unitary/qsd.py:220: RuntimeWarning: underflow encountered in matmul
  UX = VX @ WXdg
/leonardo_work/IscrC_QuSALa/venv_py311/lib/python3.11/site-packages/qiskit/synthesis/unitary/qsd.py:220: RuntimeWarning: underflow encountered in matmul
  UX = VX @ WXdg
/leonardo_work/IscrC_QuSALa/venv_py311/lib/python3.11/site-packages/qiskit/synthesis/unitary/qsd.py:220: RuntimeWarning: underflow encountered in matmul
  UX = VX @ WXdg
/leonardo_work/IscrC_QuSALa/venv_py311/lib/python3.11/site-packages/qiskit/synthesis/unitary/qsd.py:220: RuntimeWarning: underflow encountered in matmul
  UX = VX @ WXdg
/leonardo_work/IscrC_QuSALa/venv_py311/lib/python3.11/site-packages/qiskit/synthesis/unitary/qsd.py:220: RuntimeWarning: underflow encountered in matmul
  UX = VX @ WXdg
/leonardo_work/IscrC_QuSALa/venv_py311/lib/python3.11/site-packages/qiskit/synthesis/unitary/qsd.py:220: RuntimeWarning: underflow encountered in matmul
  UX = VX @ WXdg
/leonardo_work/IscrC_QuSALa/venv_py311/lib/python3.11/site-packages/qiskit/synthesis/unitary/qsd.py:220: RuntimeWarning: underflow encountered in matmul
  UX = VX @ WXdg
/leonardo_work/IscrC_QuSALa/venv_py311/lib/python3.11/site-packages/qiskit/synthesis/unitary/qsd.py:220: RuntimeWarning: underflow encountered in matmul
  UX = VX @ WXdg
/leonardo_work/IscrC_QuSALa/venv_py311/lib/python3.11/site-packages/qiskit/synthesis/unitary/qsd.py:220: RuntimeWarning: underflow encountered in matmul
  UX = VX @ WXdg
/leonardo_work/IscrC_QuSALa/venv_py311/lib/python3.11/site-packages/qiskit/synthesis/unitary/qsd.py:220: RuntimeWarning: underflow encountered in matmul
  UX = VX @ WXdg
/leonardo_work/IscrC_QuSALa/venv_py311/lib/python3.11/site-packages/qiskit/synthesis/unitary/qsd.py:220: RuntimeWarning: underflow encountered in matmul
  UX = VX @ WXdg
/leonardo_work/IscrC_QuSALa/venv_py311/lib/python3.11/site-packages/qiskit/synthesis/unitary/qsd.py:220: RuntimeWarning: underflow encountered in matmul
  UX = VX @ WXdg
/leonardo_work/IscrC_QuSALa/venv_py311/lib/python3.11/site-packages/qiskit/synthesis/unitary/qsd.py:220: RuntimeWarning: underflow encountered in matmul
  UX = VX @ WXdg
/leonardo_work/IscrC_QuSALa/venv_py311/lib/python3.11/site-packages/qiskit/synthesis/unitary/qsd.py:220: RuntimeWarning: underflow encountered in matmul
  UX = VX @ WXdg
/leonardo_work/IscrC_QuSALa/venv_py311/lib/python3.11/site-packages/qiskit/synthesis/unitary/qsd.py:220: RuntimeWarning: underflow encountered in matmul
  UX = VX @ WXdg
/leonardo_work/IscrC_QuSALa/venv_py311/lib/python3.11/site-packages/qiskit/synthesis/unitary/qsd.py:220: RuntimeWarning: underflow encountered in matmul
  UX = VX @ WXdg
/leonardo_work/IscrC_QuSALa/venv_py311/lib/python3.11/site-packages/qiskit/synthesis/unitary/qsd.py:220: RuntimeWarning: underflow encountered in matmul
  UX = VX @ WXdg
/leonardo_work/IscrC_QuSALa/venv_py311/lib/python3.11/site-packages/qiskit/synthesis/unitary/qsd.py:220: RuntimeWarning: underflow encountered in matmul
  UX = VX @ WXdg
/leonardo_work/IscrC_QuSALa/venv_py311/lib/python3.11/site-packages/qiskit/synthesis/unitary/qsd.py:220: RuntimeWarning: underflow encountered in matmul
  UX = VX @ WXdg
/leonardo_work/IscrC_QuSALa/venv_py311/lib/python3.11/site-packages/qiskit/synthesis/unitary/qsd.py:220: RuntimeWarning: underflow encountered in matmul
  UX = VX @ WXdg
/leonardo_work/IscrC_QuSALa/venv_py311/lib/python3.11/site-packages/qiskit/synthesis/unitary/qsd.py:220: RuntimeWarning: underflow encountered in matmul
  UX = VX @ WXdg
/leonardo_work/IscrC_QuSALa/venv_py311/lib/python3.11/site-packages/qiskit/synthesis/unitary/qsd.py:220: RuntimeWarning: underflow encountered in matmul
  UX = VX @ WXdg
/leonardo_work/IscrC_QuSALa/venv_py311/lib/python3.11/site-packages/qiskit/synthesis/unitary/qsd.py:220: RuntimeWarning: underflow encountered in matmul
  UX = VX @ WXdg
slurmstepd: error: Detected 1 oom_kill event in StepId=33418161.0. Some of the step tasks have been OOM Killed.
srun: error: lrdn1972: task 11: Out Of Memory
slurmstepd: error:  mpi/pmix_v3: _errhandler: lrdn1972 [0]: pmixp_client_v2.c:212: Error handler invoked: status = -25, source = [slurm.pmix.33418161.0:11]
srun: Job step aborted: Waiting up to 182 seconds for job step to finish.
slurmstepd: error: *** STEP 33418161.0 ON lrdn1972 CANCELLED AT 2026-02-04T10:19:22 ***
srun: error: lrdn2129: tasks 29,38: Killed
srun: error: lrdn2395: tasks 87,91,99: Killed
srun: error: lrdn2129: task 30: Killed
srun: error: lrdn2303: tasks 62,74,76: Killed
srun: error: lrdn2203: tasks 42,48,59: Killed
slurmstepd: error:  mpi/pmix_v3: _errhandler: lrdn1972 [0]: pmixp_client_v2.c:212: Error handler invoked: status = -25, source = [slurm.pmix.33418161.0:13]
slurmstepd: error:  mpi/pmix_v3: _errhandler: lrdn2129 [1]: pmixp_client_v2.c:212: Error handler invoked: status = -25, source = [slurm.pmix.33418161.0:29]
slurmstepd: error:  mpi/pmix_v3: _errhandler: lrdn2303 [3]: pmixp_client_v2.c:212: Error handler invoked: status = -25, source = [slurm.pmix.33418161.0:62]
slurmstepd: error:  mpi/pmix_v3: _errhandler: lrdn2203 [2]: pmixp_client_v2.c:212: Error handler invoked: status = -25, source = [slurm.pmix.33418161.0:48]
srun: error: lrdn2395: task 92: Killed
srun: error: lrdn2303: task 70: Killed
srun: error: lrdn2303: task 64: Killed
srun: error: lrdn2129: task 37: Killed
srun: error: lrdn2203: tasks 45,56: Killed
srun: error: lrdn2395: task 80: Killed
slurmstepd: error:  mpi/pmix_v3: _errhandler: lrdn2303 [3]: pmixp_client_v2.c:212: Error handler invoked: status = -25, source = [slurm.pmix.33418161.0:70]
srun: error: lrdn2129: task 21: Killed
slurmstepd: error:  mpi/pmix_v3: _errhandler: lrdn2203 [2]: pmixp_client_v2.c:212: Error handler invoked: status = -25, source = [slurm.pmix.33418161.0:56]
slurmstepd: error:  mpi/pmix_v3: _errhandler: lrdn2395 [4]: pmixp_client_v2.c:212: Error handler invoked: status = -25, source = [slurm.pmix.33418161.0:99]
slurmstepd: error:  mpi/pmix_v3: _errhandler: lrdn1972 [0]: pmixp_client_v2.c:212: Error handler invoked: status = -25, source = [slurm.pmix.33418161.0:14]
srun: error: lrdn2203: task 51: Killed
srun: error: lrdn2395: task 82: Killed
slurmstepd: error:  mpi/pmix_v3: _errhandler: lrdn2129 [1]: pmixp_client_v2.c:212: Error handler invoked: status = -25, source = [slurm.pmix.33418161.0:37]
slurmstepd: error:  mpi/pmix_v3: _errhandler: lrdn2203 [2]: pmixp_client_v2.c:212: Error handler invoked: status = -25, source = [slurm.pmix.33418161.0:51]
slurmstepd: error:  mpi/pmix_v3: _errhandler: lrdn2395 [4]: pmixp_client_v2.c:212: Error handler invoked: status = -25, source = [slurm.pmix.33418161.0:82]
srun: error: lrdn2303: task 77: Killed
slurmstepd: error:  mpi/pmix_v3: _errhandler: lrdn1972 [0]: pmixp_client_v2.c:212: Error handler invoked: status = -25, source = [slurm.pmix.33418161.0:0]
srun: error: lrdn2129: task 25: Killed
srun: error: lrdn2129: tasks 23,27: Killed
srun: error: lrdn2303: task 72: Killed
srun: error: lrdn2395: tasks 86,97: Killed
srun: error: lrdn2203: task 57: Killed
srun: error: lrdn2129: task 32: Killed
srun: error: lrdn2303: task 69: Killed
srun: error: lrdn2203: task 53: Killed
slurmstepd: error:  mpi/pmix_v3: _errhandler: lrdn1972 [0]: pmixp_client_v2.c:212: Error handler invoked: status = -25, source = [slurm.pmix.33418161.0:2]
slurmstepd: error:  mpi/pmix_v3: _errhandler: lrdn2395 [4]: pmixp_client_v2.c:212: Error handler invoked: status = -25, source = [slurm.pmix.33418161.0:86]
slurmstepd: error:  mpi/pmix_v3: _errhandler: lrdn2129 [1]: pmixp_client_v2.c:212: Error handler invoked: status = -25, source = [slurm.pmix.33418161.0:25]
srun: error: lrdn2303: task 67: Killed
srun: error: lrdn2129: task 28: Killed
slurmstepd: error:  mpi/pmix_v3: _errhandler: lrdn2203 [2]: pmixp_client_v2.c:212: Error handler invoked: status = -25, source = [slurm.pmix.33418161.0:57]
srun: error: lrdn2395: task 95: Killed
srun: error: lrdn2203: tasks 40,52: Killed
srun: error: lrdn2303: task 79: Killed
srun: error: lrdn2395: task 98: Killed
srun: error: lrdn2129: tasks 22,26,33: Killed
srun: error: lrdn2395: tasks 81,83-84,88: Killed
srun: error: lrdn2395: tasks 85,89-90,93-94,96: Killed
srun: error: lrdn2129: tasks 20,24,31,34-36,39: Killed
srun: error: lrdn2203: tasks 43,47,54: Killed
srun: error: lrdn2303: tasks 60-61,63,65-66,68,71,73,75,78: Killed
srun: error: lrdn2203: tasks 41,44,46,49-50,55,58: Killed
