/leonardo_work/IscrC_QuSALa/venv_py311/lib/python3.11/site-packages/qiskit/synthesis/unitary/qsd.py:220: RuntimeWarning: underflow encountered in matmul
  UX = VX @ WXdg
/leonardo_work/IscrC_QuSALa/venv_py311/lib/python3.11/site-packages/qiskit/synthesis/unitary/qsd.py:220: RuntimeWarning: underflow encountered in matmul
  UX = VX @ WXdg
/leonardo_work/IscrC_QuSALa/venv_py311/lib/python3.11/site-packages/qiskit/synthesis/unitary/qsd.py:220: RuntimeWarning: underflow encountered in matmul
  UX = VX @ WXdg
/leonardo_work/IscrC_QuSALa/venv_py311/lib/python3.11/site-packages/qiskit/synthesis/unitary/qsd.py:220: RuntimeWarning: underflow encountered in matmul
  UX = VX @ WXdg
/leonardo_work/IscrC_QuSALa/venv_py311/lib/python3.11/site-packages/qiskit/synthesis/unitary/qsd.py:220: RuntimeWarning: underflow encountered in matmul
  UX = VX @ WXdg
/leonardo_work/IscrC_QuSALa/venv_py311/lib/python3.11/site-packages/qiskit/synthesis/unitary/qsd.py:220: RuntimeWarning: underflow encountered in matmul
  UX = VX @ WXdg
/leonardo_work/IscrC_QuSALa/venv_py311/lib/python3.11/site-packages/qiskit/synthesis/unitary/qsd.py:220: RuntimeWarning: underflow encountered in matmul
  UX = VX @ WXdg
/leonardo_work/IscrC_QuSALa/venv_py311/lib/python3.11/site-packages/qiskit/synthesis/unitary/qsd.py:220: RuntimeWarning: underflow encountered in matmul
  UX = VX @ WXdg
/leonardo_work/IscrC_QuSALa/venv_py311/lib/python3.11/site-packages/qiskit/synthesis/unitary/qsd.py:220: RuntimeWarning: underflow encountered in matmul
  UX = VX @ WXdg
/leonardo_work/IscrC_QuSALa/venv_py311/lib/python3.11/site-packages/qiskit/synthesis/unitary/qsd.py:220: RuntimeWarning: underflow encountered in matmul
  UX = VX @ WXdg
/leonardo_work/IscrC_QuSALa/venv_py311/lib/python3.11/site-packages/qiskit/synthesis/unitary/qsd.py:220: RuntimeWarning: underflow encountered in matmul
  UX = VX @ WXdg
/leonardo_work/IscrC_QuSALa/venv_py311/lib/python3.11/site-packages/qiskit/synthesis/unitary/qsd.py:220: RuntimeWarning: underflow encountered in matmul
  UX = VX @ WXdg
/leonardo_work/IscrC_QuSALa/venv_py311/lib/python3.11/site-packages/qiskit/synthesis/unitary/qsd.py:220: RuntimeWarning: underflow encountered in matmul
  UX = VX @ WXdg
/leonardo_work/IscrC_QuSALa/venv_py311/lib/python3.11/site-packages/qiskit/synthesis/unitary/qsd.py:220: RuntimeWarning: underflow encountered in matmul
  UX = VX @ WXdg
/leonardo_work/IscrC_QuSALa/venv_py311/lib/python3.11/site-packages/qiskit/synthesis/unitary/qsd.py:220: RuntimeWarning: underflow encountered in matmul
  UX = VX @ WXdg
/leonardo_work/IscrC_QuSALa/venv_py311/lib/python3.11/site-packages/qiskit/synthesis/unitary/qsd.py:220: RuntimeWarning: underflow encountered in matmul
  UX = VX @ WXdg
/leonardo_work/IscrC_QuSALa/venv_py311/lib/python3.11/site-packages/qiskit/synthesis/unitary/qsd.py:220: RuntimeWarning: underflow encountered in matmul
  UX = VX @ WXdg
/leonardo_work/IscrC_QuSALa/venv_py311/lib/python3.11/site-packages/qiskit/synthesis/unitary/qsd.py:220: RuntimeWarning: underflow encountered in matmul
  UX = VX @ WXdg
/leonardo_work/IscrC_QuSALa/venv_py311/lib/python3.11/site-packages/qiskit/synthesis/unitary/qsd.py:220: RuntimeWarning: underflow encountered in matmul
  UX = VX @ WXdg
/leonardo_work/IscrC_QuSALa/venv_py311/lib/python3.11/site-packages/qiskit/synthesis/unitary/qsd.py:220: RuntimeWarning: underflow encountered in matmul
  UX = VX @ WXdg
/leonardo_work/IscrC_QuSALa/venv_py311/lib/python3.11/site-packages/qiskit/synthesis/unitary/qsd.py:220: RuntimeWarning: underflow encountered in matmul
  UX = VX @ WXdg
/leonardo_work/IscrC_QuSALa/venv_py311/lib/python3.11/site-packages/qiskit/synthesis/unitary/qsd.py:220: RuntimeWarning: underflow encountered in matmul
  UX = VX @ WXdg
/leonardo_work/IscrC_QuSALa/venv_py311/lib/python3.11/site-packages/qiskit/synthesis/unitary/qsd.py:220: RuntimeWarning: underflow encountered in matmul
  UX = VX @ WXdg
/leonardo_work/IscrC_QuSALa/venv_py311/lib/python3.11/site-packages/qiskit/synthesis/unitary/qsd.py:220: RuntimeWarning: underflow encountered in matmul
  UX = VX @ WXdg
/leonardo_work/IscrC_QuSALa/venv_py311/lib/python3.11/site-packages/qiskit/synthesis/unitary/qsd.py:220: RuntimeWarning: underflow encountered in matmul
  UX = VX @ WXdg
/leonardo_work/IscrC_QuSALa/venv_py311/lib/python3.11/site-packages/qiskit/synthesis/unitary/qsd.py:220: RuntimeWarning: underflow encountered in matmul
  UX = VX @ WXdg
/leonardo_work/IscrC_QuSALa/venv_py311/lib/python3.11/site-packages/qiskit/synthesis/unitary/qsd.py:220: RuntimeWarning: underflow encountered in matmul
  UX = VX @ WXdg
/leonardo_work/IscrC_QuSALa/venv_py311/lib/python3.11/site-packages/qiskit/synthesis/unitary/qsd.py:220: RuntimeWarning: underflow encountered in matmul
  UX = VX @ WXdg
/leonardo_work/IscrC_QuSALa/venv_py311/lib/python3.11/site-packages/qiskit/synthesis/unitary/qsd.py:220: RuntimeWarning: underflow encountered in matmul
  UX = VX @ WXdg
/leonardo_work/IscrC_QuSALa/venv_py311/lib/python3.11/site-packages/qiskit/synthesis/unitary/qsd.py:220: RuntimeWarning: underflow encountered in matmul
  UX = VX @ WXdg
/leonardo_work/IscrC_QuSALa/venv_py311/lib/python3.11/site-packages/qiskit/synthesis/unitary/qsd.py:220: RuntimeWarning: underflow encountered in matmul
  UX = VX @ WXdg
/leonardo_work/IscrC_QuSALa/venv_py311/lib/python3.11/site-packages/qiskit/synthesis/unitary/qsd.py:220: RuntimeWarning: underflow encountered in matmul
  UX = VX @ WXdg
/leonardo_work/IscrC_QuSALa/venv_py311/lib/python3.11/site-packages/qiskit/synthesis/unitary/qsd.py:220: RuntimeWarning: underflow encountered in matmul
  UX = VX @ WXdg
/leonardo_work/IscrC_QuSALa/venv_py311/lib/python3.11/site-packages/qiskit/synthesis/unitary/qsd.py:220: RuntimeWarning: underflow encountered in matmul
  UX = VX @ WXdg
/leonardo_work/IscrC_QuSALa/venv_py311/lib/python3.11/site-packages/qiskit/synthesis/unitary/qsd.py:220: RuntimeWarning: underflow encountered in matmul
  UX = VX @ WXdg
/leonardo_work/IscrC_QuSALa/venv_py311/lib/python3.11/site-packages/qiskit/synthesis/unitary/qsd.py:220: RuntimeWarning: underflow encountered in matmul
  UX = VX @ WXdg
/leonardo_work/IscrC_QuSALa/venv_py311/lib/python3.11/site-packages/qiskit/synthesis/unitary/qsd.py:220: RuntimeWarning: underflow encountered in matmul
  UX = VX @ WXdg
/leonardo_work/IscrC_QuSALa/venv_py311/lib/python3.11/site-packages/qiskit/synthesis/unitary/qsd.py:220: RuntimeWarning: underflow encountered in matmul
  UX = VX @ WXdg
/leonardo_work/IscrC_QuSALa/venv_py311/lib/python3.11/site-packages/qiskit/synthesis/unitary/qsd.py:220: RuntimeWarning: underflow encountered in matmul
  UX = VX @ WXdg
/leonardo_work/IscrC_QuSALa/venv_py311/lib/python3.11/site-packages/qiskit/synthesis/unitary/qsd.py:220: RuntimeWarning: underflow encountered in matmul
  UX = VX @ WXdg
/leonardo_work/IscrC_QuSALa/venv_py311/lib/python3.11/site-packages/qiskit/synthesis/unitary/qsd.py:220: RuntimeWarning: underflow encountered in matmul
  UX = VX @ WXdg
/leonardo_work/IscrC_QuSALa/venv_py311/lib/python3.11/site-packages/qiskit/synthesis/unitary/qsd.py:220: RuntimeWarning: underflow encountered in matmul
  UX = VX @ WXdg
/leonardo_work/IscrC_QuSALa/venv_py311/lib/python3.11/site-packages/qiskit/synthesis/unitary/qsd.py:220: RuntimeWarning: underflow encountered in matmul
  UX = VX @ WXdg
/leonardo_work/IscrC_QuSALa/venv_py311/lib/python3.11/site-packages/qiskit/synthesis/unitary/qsd.py:220: RuntimeWarning: underflow encountered in matmul
  UX = VX @ WXdg
/leonardo_work/IscrC_QuSALa/venv_py311/lib/python3.11/site-packages/qiskit/synthesis/unitary/qsd.py:220: RuntimeWarning: underflow encountered in matmul
  UX = VX @ WXdg
/leonardo_work/IscrC_QuSALa/venv_py311/lib/python3.11/site-packages/qiskit/synthesis/unitary/qsd.py:220: RuntimeWarning: underflow encountered in matmul
  UX = VX @ WXdg
/leonardo_work/IscrC_QuSALa/venv_py311/lib/python3.11/site-packages/qiskit/synthesis/unitary/qsd.py:220: RuntimeWarning: underflow encountered in matmul
  UX = VX @ WXdg
/leonardo_work/IscrC_QuSALa/venv_py311/lib/python3.11/site-packages/qiskit/synthesis/unitary/qsd.py:220: RuntimeWarning: underflow encountered in matmul
  UX = VX @ WXdg
/leonardo_work/IscrC_QuSALa/venv_py311/lib/python3.11/site-packages/qiskit/synthesis/unitary/qsd.py:220: RuntimeWarning: underflow encountered in matmul
  UX = VX @ WXdg
/leonardo_work/IscrC_QuSALa/venv_py311/lib/python3.11/site-packages/qiskit/synthesis/unitary/qsd.py:220: RuntimeWarning: underflow encountered in matmul
  UX = VX @ WXdg
/leonardo_work/IscrC_QuSALa/venv_py311/lib/python3.11/site-packages/qiskit/synthesis/unitary/qsd.py:220: RuntimeWarning: underflow encountered in matmul
  UX = VX @ WXdg
/leonardo_work/IscrC_QuSALa/venv_py311/lib/python3.11/site-packages/qiskit/synthesis/unitary/qsd.py:220: RuntimeWarning: underflow encountered in matmul
  UX = VX @ WXdg
/leonardo_work/IscrC_QuSALa/venv_py311/lib/python3.11/site-packages/qiskit/synthesis/unitary/qsd.py:220: RuntimeWarning: underflow encountered in matmul
  UX = VX @ WXdg
/leonardo_work/IscrC_QuSALa/venv_py311/lib/python3.11/site-packages/qiskit/synthesis/unitary/qsd.py:220: RuntimeWarning: underflow encountered in matmul
  UX = VX @ WXdg
/leonardo_work/IscrC_QuSALa/venv_py311/lib/python3.11/site-packages/qiskit/synthesis/unitary/qsd.py:220: RuntimeWarning: underflow encountered in matmul
  UX = VX @ WXdg
/leonardo_work/IscrC_QuSALa/venv_py311/lib/python3.11/site-packages/qiskit/synthesis/unitary/qsd.py:220: RuntimeWarning: underflow encountered in matmul
  UX = VX @ WXdg
/leonardo_work/IscrC_QuSALa/venv_py311/lib/python3.11/site-packages/qiskit/synthesis/unitary/qsd.py:220: RuntimeWarning: underflow encountered in matmul
  UX = VX @ WXdg
/leonardo_work/IscrC_QuSALa/venv_py311/lib/python3.11/site-packages/qiskit/synthesis/unitary/qsd.py:220: RuntimeWarning: underflow encountered in matmul
  UX = VX @ WXdg
/leonardo_work/IscrC_QuSALa/venv_py311/lib/python3.11/site-packages/qiskit/synthesis/unitary/qsd.py:220: RuntimeWarning: underflow encountered in matmul
  UX = VX @ WXdg
/leonardo_work/IscrC_QuSALa/venv_py311/lib/python3.11/site-packages/qiskit/synthesis/unitary/qsd.py:220: RuntimeWarning: underflow encountered in matmul
  UX = VX @ WXdg
/leonardo_work/IscrC_QuSALa/venv_py311/lib/python3.11/site-packages/qiskit/synthesis/unitary/qsd.py:220: RuntimeWarning: underflow encountered in matmul
  UX = VX @ WXdg
/leonardo_work/IscrC_QuSALa/venv_py311/lib/python3.11/site-packages/qiskit/synthesis/unitary/qsd.py:220: RuntimeWarning: underflow encountered in matmul
  UX = VX @ WXdg
/leonardo_work/IscrC_QuSALa/venv_py311/lib/python3.11/site-packages/qiskit/synthesis/unitary/qsd.py:220: RuntimeWarning: underflow encountered in matmul
  UX = VX @ WXdg
/leonardo_work/IscrC_QuSALa/venv_py311/lib/python3.11/site-packages/qiskit/synthesis/unitary/qsd.py:220: RuntimeWarning: underflow encountered in matmul
  UX = VX @ WXdg
/leonardo_work/IscrC_QuSALa/venv_py311/lib/python3.11/site-packages/qiskit/synthesis/unitary/qsd.py:220: RuntimeWarning: underflow encountered in matmul
  UX = VX @ WXdg
/leonardo_work/IscrC_QuSALa/venv_py311/lib/python3.11/site-packages/qiskit/synthesis/unitary/qsd.py:220: RuntimeWarning: underflow encountered in matmul
  UX = VX @ WXdg
/leonardo_work/IscrC_QuSALa/venv_py311/lib/python3.11/site-packages/qiskit/synthesis/unitary/qsd.py:220: RuntimeWarning: underflow encountered in matmul
  UX = VX @ WXdg
/leonardo_work/IscrC_QuSALa/venv_py311/lib/python3.11/site-packages/qiskit/synthesis/unitary/qsd.py:220: RuntimeWarning: underflow encountered in matmul
  UX = VX @ WXdg
/leonardo_work/IscrC_QuSALa/venv_py311/lib/python3.11/site-packages/qiskit/synthesis/unitary/qsd.py:220: RuntimeWarning: underflow encountered in matmul
  UX = VX @ WXdg
/leonardo_work/IscrC_QuSALa/venv_py311/lib/python3.11/site-packages/qiskit/synthesis/unitary/qsd.py:220: RuntimeWarning: underflow encountered in matmul
  UX = VX @ WXdg
/leonardo_work/IscrC_QuSALa/venv_py311/lib/python3.11/site-packages/qiskit/synthesis/unitary/qsd.py:220: RuntimeWarning: underflow encountered in matmul
  UX = VX @ WXdg
/leonardo_work/IscrC_QuSALa/venv_py311/lib/python3.11/site-packages/qiskit/synthesis/unitary/qsd.py:220: RuntimeWarning: underflow encountered in matmul
  UX = VX @ WXdg
/leonardo_work/IscrC_QuSALa/venv_py311/lib/python3.11/site-packages/qiskit/synthesis/unitary/qsd.py:220: RuntimeWarning: underflow encountered in matmul
  UX = VX @ WXdg
/leonardo_work/IscrC_QuSALa/venv_py311/lib/python3.11/site-packages/qiskit/synthesis/unitary/qsd.py:220: RuntimeWarning: underflow encountered in matmul
  UX = VX @ WXdg
/leonardo_work/IscrC_QuSALa/venv_py311/lib/python3.11/site-packages/qiskit/synthesis/unitary/qsd.py:220: RuntimeWarning: underflow encountered in matmul
  UX = VX @ WXdg
/leonardo_work/IscrC_QuSALa/venv_py311/lib/python3.11/site-packages/qiskit/synthesis/unitary/qsd.py:220: RuntimeWarning: underflow encountered in matmul
  UX = VX @ WXdg
/leonardo_work/IscrC_QuSALa/venv_py311/lib/python3.11/site-packages/qiskit/synthesis/unitary/qsd.py:220: RuntimeWarning: underflow encountered in matmul
  UX = VX @ WXdg
/leonardo_work/IscrC_QuSALa/venv_py311/lib/python3.11/site-packages/qiskit/synthesis/unitary/qsd.py:220: RuntimeWarning: underflow encountered in matmul
  UX = VX @ WXdg
/leonardo_work/IscrC_QuSALa/venv_py311/lib/python3.11/site-packages/qiskit/synthesis/unitary/qsd.py:220: RuntimeWarning: underflow encountered in matmul
  UX = VX @ WXdg
/leonardo_work/IscrC_QuSALa/venv_py311/lib/python3.11/site-packages/qiskit/synthesis/unitary/qsd.py:220: RuntimeWarning: underflow encountered in matmul
  UX = VX @ WXdg
/leonardo_work/IscrC_QuSALa/venv_py311/lib/python3.11/site-packages/qiskit/synthesis/unitary/qsd.py:220: RuntimeWarning: underflow encountered in matmul
  UX = VX @ WXdg
/leonardo_work/IscrC_QuSALa/venv_py311/lib/python3.11/site-packages/qiskit/synthesis/unitary/qsd.py:220: RuntimeWarning: underflow encountered in matmul
  UX = VX @ WXdg
/leonardo_work/IscrC_QuSALa/venv_py311/lib/python3.11/site-packages/qiskit/synthesis/unitary/qsd.py:220: RuntimeWarning: underflow encountered in matmul
  UX = VX @ WXdg
/leonardo_work/IscrC_QuSALa/venv_py311/lib/python3.11/site-packages/qiskit/synthesis/unitary/qsd.py:220: RuntimeWarning: underflow encountered in matmul
  UX = VX @ WXdg
/leonardo_work/IscrC_QuSALa/venv_py311/lib/python3.11/site-packages/qiskit/synthesis/unitary/qsd.py:220: RuntimeWarning: underflow encountered in matmul
  UX = VX @ WXdg
/leonardo_work/IscrC_QuSALa/venv_py311/lib/python3.11/site-packages/qiskit/synthesis/unitary/qsd.py:220: RuntimeWarning: underflow encountered in matmul
  UX = VX @ WXdg
/leonardo_work/IscrC_QuSALa/venv_py311/lib/python3.11/site-packages/qiskit/synthesis/unitary/qsd.py:220: RuntimeWarning: underflow encountered in matmul
  UX = VX @ WXdg
/leonardo_work/IscrC_QuSALa/venv_py311/lib/python3.11/site-packages/qiskit/synthesis/unitary/qsd.py:220: RuntimeWarning: underflow encountered in matmul
  UX = VX @ WXdg
/leonardo_work/IscrC_QuSALa/venv_py311/lib/python3.11/site-packages/qiskit/synthesis/unitary/qsd.py:220: RuntimeWarning: underflow encountered in matmul
  UX = VX @ WXdg
/leonardo_work/IscrC_QuSALa/venv_py311/lib/python3.11/site-packages/qiskit/synthesis/unitary/qsd.py:220: RuntimeWarning: underflow encountered in matmul
  UX = VX @ WXdg
/leonardo_work/IscrC_QuSALa/venv_py311/lib/python3.11/site-packages/qiskit/synthesis/unitary/qsd.py:220: RuntimeWarning: underflow encountered in matmul
  UX = VX @ WXdg
/leonardo_work/IscrC_QuSALa/venv_py311/lib/python3.11/site-packages/qiskit/synthesis/unitary/qsd.py:220: RuntimeWarning: underflow encountered in matmul
  UX = VX @ WXdg
/leonardo_work/IscrC_QuSALa/venv_py311/lib/python3.11/site-packages/qiskit/synthesis/unitary/qsd.py:220: RuntimeWarning: underflow encountered in matmul
  UX = VX @ WXdg
/leonardo_work/IscrC_QuSALa/venv_py311/lib/python3.11/site-packages/qiskit/synthesis/unitary/qsd.py:220: RuntimeWarning: underflow encountered in matmul
  UX = VX @ WXdg
/leonardo_work/IscrC_QuSALa/venv_py311/lib/python3.11/site-packages/qiskit/synthesis/unitary/qsd.py:220: RuntimeWarning: underflow encountered in matmul
  UX = VX @ WXdg
/leonardo_work/IscrC_QuSALa/venv_py311/lib/python3.11/site-packages/qiskit/synthesis/unitary/qsd.py:220: RuntimeWarning: underflow encountered in matmul
  UX = VX @ WXdg
/leonardo_work/IscrC_QuSALa/venv_py311/lib/python3.11/site-packages/qiskit/synthesis/unitary/qsd.py:220: RuntimeWarning: underflow encountered in matmul
  UX = VX @ WXdg
/leonardo_work/IscrC_QuSALa/venv_py311/lib/python3.11/site-packages/qiskit/synthesis/unitary/qsd.py:220: RuntimeWarning: underflow encountered in matmul
  UX = VX @ WXdg
/leonardo_work/IscrC_QuSALa/venv_py311/lib/python3.11/site-packages/qiskit/synthesis/unitary/qsd.py:220: RuntimeWarning: underflow encountered in matmul
  UX = VX @ WXdg
/leonardo_work/IscrC_QuSALa/venv_py311/lib/python3.11/site-packages/qiskit/synthesis/unitary/qsd.py:220: RuntimeWarning: underflow encountered in matmul
  UX = VX @ WXdg
slurmstepd: error: Detected 1 oom_kill event in StepId=33369072.0. Some of the step tasks have been OOM Killed.
srun: error: lrdn1494: task 52: Out Of Memory
slurmstepd: error:  mpi/pmix_v3: _errhandler: lrdn1494 [2]: pmixp_client_v2.c:212: Error handler invoked: status = -25, source = [slurm.pmix.33369072.0:52]
srun: Job step aborted: Waiting up to 182 seconds for job step to finish.
slurmstepd: error: *** STEP 33369072.0 ON lrdn1425 CANCELLED AT 2026-02-03T22:12:03 ***
slurmstepd: error: *** STEP 33369072.0 ON lrdn1425 CANCELLED AT 2026-02-03T22:12:03 ***
srun: error: lrdn1467: tasks 28,32,34: Killed
srun: error: lrdn1577: tasks 80,90: Killed
srun: error: lrdn1425: task 4: Killed
srun: error: lrdn1535: tasks 66,75: Killed
srun: error: lrdn1577: task 97: Killed
srun: error: lrdn1425: tasks 6,9: Killed
srun: error: lrdn1535: task 65: Killed
slurmstepd: error:  mpi/pmix_v3: _errhandler: lrdn1494 [2]: pmixp_client_v2.c:212: Error handler invoked: status = -25, source = [slurm.pmix.33369072.0:42]
slurmstepd: error:  mpi/pmix_v3: _errhandler: lrdn1467 [1]: pmixp_client_v2.c:212: Error handler invoked: status = -25, source = [slurm.pmix.33369072.0:34]
slurmstepd: error:  mpi/pmix_v3: _errhandler: lrdn1577 [4]: pmixp_client_v2.c:212: Error handler invoked: status = -25, source = [slurm.pmix.33369072.0:90]
slurmstepd: error:  mpi/pmix_v3: _errhandler: lrdn1425 [0]: pmixp_client_v2.c:212: Error handler invoked: status = -25, source = [slurm.pmix.33369072.0:4]
slurmstepd: error:  mpi/pmix_v3: _errhandler: lrdn1535 [3]: pmixp_client_v2.c:212: Error handler invoked: status = -25, source = [slurm.pmix.33369072.0:75]
srun: error: lrdn1467: task 26: Killed
slurmstepd: error:  mpi/pmix_v3: _errhandler: lrdn1494 [2]: pmixp_client_v2.c:212: Error handler invoked: status = -25, source = [slurm.pmix.33369072.0:48]
srun: error: lrdn1535: task 63: Killed
slurmstepd: error:  mpi/pmix_v3: _errhandler: lrdn1467 [1]: pmixp_client_v2.c:212: Error handler invoked: status = -25, source = [slurm.pmix.33369072.0:26]
srun: error: lrdn1425: task 17: Killed
srun: error: lrdn1577: task 83: Killed
slurmstepd: error:  mpi/pmix_v3: _errhandler: lrdn1535 [3]: pmixp_client_v2.c:212: Error handler invoked: status = -25, source = [slurm.pmix.33369072.0:63]
srun: error: lrdn1467: task 35: Killed
srun: error: lrdn1577: task 91: Killed
srun: error: lrdn1425: task 7: Killed
srun: error: lrdn1577: task 85: Killed
srun: error: lrdn1535: task 60: Killed
srun: error: lrdn1467: tasks 33,36: Killed
slurmstepd: error:  mpi/pmix_v3: _errhandler: lrdn1494 [2]: pmixp_client_v2.c:212: Error handler invoked: status = -25, source = [slurm.pmix.33369072.0:53]
srun: error: lrdn1425: task 0: Killed
srun: error: lrdn1535: task 72: Killed
srun: error: lrdn1577: task 99: Killed
srun: error: lrdn1425: task 14: Killed
srun: error: lrdn1535: task 73: Killed
srun: error: lrdn1425: task 13: Killed
srun: error: lrdn1535: task 70: Killed
srun: error: lrdn1467: task 24: Killed
srun: error: lrdn1467: task 27: Killed
srun: error: lrdn1425: task 15: Killed
srun: error: lrdn1535: tasks 69,76: Killed
srun: error: lrdn1425: task 18: Killed
slurmstepd: error:  mpi/pmix_v3: _errhandler: lrdn1577 [4]: pmixp_client_v2.c:212: Error handler invoked: status = -25, source = [slurm.pmix.33369072.0:83]
srun: error: lrdn1577: task 93: Killed
slurmstepd: error: *** JOB 33369072 ON lrdn1425 CANCELLED AT 2026-02-03T22:12:10 ***
