/leonardo_work/IscrC_QuSALa/venv_py311/lib/python3.11/site-packages/scipy/_lib/pyprima/common/preproc.py:68: UserWarning: COBYLA: Invalid MAXFUN; it should be at least num_vars + 2; it is set to 4578
  warn(f'{solver}: Invalid MAXFUN; it should be at least {min_maxfun_str}; it is set to {maxfun}')
/leonardo_work/IscrC_QuSALa/venv_py311/lib/python3.11/site-packages/qiskit/synthesis/unitary/qsd.py:220: RuntimeWarning: underflow encountered in matmul
  UX = VX @ WXdg
/leonardo_work/IscrC_QuSALa/venv_py311/lib/python3.11/site-packages/qiskit/synthesis/unitary/qsd.py:220: RuntimeWarning: underflow encountered in matmul
  UX = VX @ WXdg
/leonardo_work/IscrC_QuSALa/venv_py311/lib/python3.11/site-packages/qiskit/synthesis/unitary/qsd.py:219: RuntimeWarning: underflow encountered in matmul
  SX = VX @ Sigma @ VXdg
/leonardo_work/IscrC_QuSALa/venv_py311/lib/python3.11/site-packages/qiskit/synthesis/unitary/qsd.py:220: RuntimeWarning: underflow encountered in matmul
  UX = VX @ WXdg
/leonardo_work/IscrC_QuSALa/venv_py311/lib/python3.11/site-packages/qiskit/synthesis/unitary/qsd.py:220: RuntimeWarning: underflow encountered in matmul
  UX = VX @ WXdg
/leonardo_work/IscrC_QuSALa/venv_py311/lib/python3.11/site-packages/qiskit/synthesis/unitary/qsd.py:220: RuntimeWarning: underflow encountered in matmul
  UX = VX @ WXdg
/leonardo_work/IscrC_QuSALa/venv_py311/lib/python3.11/site-packages/qiskit/synthesis/unitary/qsd.py:220: RuntimeWarning: underflow encountered in matmul
  UX = VX @ WXdg
/leonardo_work/IscrC_QuSALa/venv_py311/lib/python3.11/site-packages/qiskit/synthesis/unitary/qsd.py:220: RuntimeWarning: underflow encountered in matmul
  UX = VX @ WXdg
/leonardo_work/IscrC_QuSALa/venv_py311/lib/python3.11/site-packages/qiskit/synthesis/unitary/qsd.py:220: RuntimeWarning: underflow encountered in matmul
  UX = VX @ WXdg
/leonardo_work/IscrC_QuSALa/venv_py311/lib/python3.11/site-packages/qiskit/synthesis/unitary/qsd.py:220: RuntimeWarning: underflow encountered in matmul
  UX = VX @ WXdg
/leonardo_work/IscrC_QuSALa/venv_py311/lib/python3.11/site-packages/qiskit/synthesis/unitary/qsd.py:220: RuntimeWarning: underflow encountered in matmul
  UX = VX @ WXdg
/leonardo_work/IscrC_QuSALa/venv_py311/lib/python3.11/site-packages/qiskit/synthesis/unitary/qsd.py:220: RuntimeWarning: underflow encountered in matmul
  UX = VX @ WXdg
/leonardo_work/IscrC_QuSALa/venv_py311/lib/python3.11/site-packages/qiskit/synthesis/unitary/qsd.py:220: RuntimeWarning: underflow encountered in matmul
  UX = VX @ WXdg
/leonardo_work/IscrC_QuSALa/venv_py311/lib/python3.11/site-packages/qiskit/synthesis/unitary/qsd.py:220: RuntimeWarning: underflow encountered in matmul
  UX = VX @ WXdg
/leonardo_work/IscrC_QuSALa/venv_py311/lib/python3.11/site-packages/qiskit/synthesis/unitary/qsd.py:219: RuntimeWarning: underflow encountered in matmul
  SX = VX @ Sigma @ VXdg
/leonardo_work/IscrC_QuSALa/venv_py311/lib/python3.11/site-packages/qiskit/synthesis/unitary/qsd.py:220: RuntimeWarning: underflow encountered in matmul
  UX = VX @ WXdg
/leonardo_work/IscrC_QuSALa/venv_py311/lib/python3.11/site-packages/qiskit/synthesis/unitary/qsd.py:220: RuntimeWarning: underflow encountered in matmul
  UX = VX @ WXdg
/leonardo_work/IscrC_QuSALa/venv_py311/lib/python3.11/site-packages/qiskit/synthesis/unitary/qsd.py:219: RuntimeWarning: underflow encountered in matmul
  SX = VX @ Sigma @ VXdg
/leonardo_work/IscrC_QuSALa/venv_py311/lib/python3.11/site-packages/qiskit/synthesis/unitary/qsd.py:219: RuntimeWarning: underflow encountered in matmul
  SX = VX @ Sigma @ VXdg
/leonardo_work/IscrC_QuSALa/venv_py311/lib/python3.11/site-packages/qiskit/synthesis/unitary/qsd.py:220: RuntimeWarning: underflow encountered in matmul
  UX = VX @ WXdg
/leonardo_work/IscrC_QuSALa/venv_py311/lib/python3.11/site-packages/qiskit/synthesis/unitary/qsd.py:220: RuntimeWarning: underflow encountered in matmul
  UX = VX @ WXdg
/leonardo_work/IscrC_QuSALa/venv_py311/lib/python3.11/site-packages/qiskit/synthesis/unitary/qsd.py:219: RuntimeWarning: underflow encountered in matmul
  SX = VX @ Sigma @ VXdg
/leonardo_work/IscrC_QuSALa/venv_py311/lib/python3.11/site-packages/qiskit/synthesis/unitary/qsd.py:220: RuntimeWarning: underflow encountered in matmul
  UX = VX @ WXdg
/leonardo_work/IscrC_QuSALa/venv_py311/lib/python3.11/site-packages/qiskit/synthesis/unitary/qsd.py:220: RuntimeWarning: underflow encountered in matmul
  UX = VX @ WXdg
/leonardo_work/IscrC_QuSALa/venv_py311/lib/python3.11/site-packages/qiskit/synthesis/unitary/qsd.py:220: RuntimeWarning: underflow encountered in matmul
  UX = VX @ WXdg
/leonardo_work/IscrC_QuSALa/venv_py311/lib/python3.11/site-packages/qiskit/synthesis/unitary/qsd.py:220: RuntimeWarning: underflow encountered in matmul
  UX = VX @ WXdg
/leonardo_work/IscrC_QuSALa/venv_py311/lib/python3.11/site-packages/qiskit/synthesis/unitary/qsd.py:219: RuntimeWarning: underflow encountered in matmul
  SX = VX @ Sigma @ VXdg
/leonardo_work/IscrC_QuSALa/venv_py311/lib/python3.11/site-packages/qiskit/synthesis/unitary/qsd.py:219: RuntimeWarning: underflow encountered in matmul
  SX = VX @ Sigma @ VXdg
/leonardo_work/IscrC_QuSALa/venv_py311/lib/python3.11/site-packages/qiskit/synthesis/unitary/qsd.py:219: RuntimeWarning: underflow encountered in matmul
  SX = VX @ Sigma @ VXdg
/leonardo_work/IscrC_QuSALa/venv_py311/lib/python3.11/site-packages/qiskit/synthesis/unitary/qsd.py:220: RuntimeWarning: underflow encountered in matmul
  UX = VX @ WXdg
/leonardo_work/IscrC_QuSALa/venv_py311/lib/python3.11/site-packages/qiskit/synthesis/unitary/qsd.py:220: RuntimeWarning: underflow encountered in matmul
  UX = VX @ WXdg
/leonardo_work/IscrC_QuSALa/venv_py311/lib/python3.11/site-packages/qiskit/synthesis/unitary/qsd.py:219: RuntimeWarning: underflow encountered in matmul
  SX = VX @ Sigma @ VXdg
/leonardo_work/IscrC_QuSALa/venv_py311/lib/python3.11/site-packages/qiskit/synthesis/unitary/qsd.py:220: RuntimeWarning: underflow encountered in matmul
  UX = VX @ WXdg
/leonardo_work/IscrC_QuSALa/venv_py311/lib/python3.11/site-packages/qiskit/synthesis/unitary/qsd.py:220: RuntimeWarning: underflow encountered in matmul
  UX = VX @ WXdg
/leonardo_work/IscrC_QuSALa/venv_py311/lib/python3.11/site-packages/qiskit/synthesis/unitary/qsd.py:220: RuntimeWarning: underflow encountered in matmul
  UX = VX @ WXdg
/leonardo_work/IscrC_QuSALa/venv_py311/lib/python3.11/site-packages/qiskit/synthesis/unitary/qsd.py:220: RuntimeWarning: underflow encountered in matmul
  UX = VX @ WXdg
/leonardo_work/IscrC_QuSALa/venv_py311/lib/python3.11/site-packages/qiskit/synthesis/unitary/qsd.py:219: RuntimeWarning: underflow encountered in matmul
  SX = VX @ Sigma @ VXdg
/leonardo_work/IscrC_QuSALa/venv_py311/lib/python3.11/site-packages/qiskit/synthesis/unitary/qsd.py:220: RuntimeWarning: underflow encountered in matmul
  UX = VX @ WXdg
/leonardo_work/IscrC_QuSALa/venv_py311/lib/python3.11/site-packages/qiskit/synthesis/unitary/qsd.py:220: RuntimeWarning: underflow encountered in matmul
  UX = VX @ WXdg
/leonardo_work/IscrC_QuSALa/venv_py311/lib/python3.11/site-packages/qiskit/synthesis/unitary/qsd.py:219: RuntimeWarning: underflow encountered in matmul
  SX = VX @ Sigma @ VXdg
/leonardo_work/IscrC_QuSALa/venv_py311/lib/python3.11/site-packages/qiskit/synthesis/unitary/qsd.py:220: RuntimeWarning: underflow encountered in matmul
  UX = VX @ WXdg
/leonardo_work/IscrC_QuSALa/venv_py311/lib/python3.11/site-packages/qiskit/synthesis/unitary/qsd.py:220: RuntimeWarning: underflow encountered in matmul
  UX = VX @ WXdg
/leonardo_work/IscrC_QuSALa/venv_py311/lib/python3.11/site-packages/qiskit/synthesis/unitary/qsd.py:220: RuntimeWarning: underflow encountered in matmul
  UX = VX @ WXdg
/leonardo_work/IscrC_QuSALa/venv_py311/lib/python3.11/site-packages/qiskit/synthesis/unitary/qsd.py:220: RuntimeWarning: underflow encountered in matmul
  UX = VX @ WXdg
/leonardo_work/IscrC_QuSALa/venv_py311/lib/python3.11/site-packages/qiskit/synthesis/unitary/qsd.py:220: RuntimeWarning: underflow encountered in matmul
  UX = VX @ WXdg
/leonardo_work/IscrC_QuSALa/venv_py311/lib/python3.11/site-packages/qiskit/synthesis/unitary/qsd.py:220: RuntimeWarning: underflow encountered in matmul
  UX = VX @ WXdg
/leonardo_work/IscrC_QuSALa/venv_py311/lib/python3.11/site-packages/qiskit/synthesis/unitary/qsd.py:220: RuntimeWarning: underflow encountered in matmul
  UX = VX @ WXdg
/leonardo_work/IscrC_QuSALa/venv_py311/lib/python3.11/site-packages/qiskit/synthesis/unitary/qsd.py:219: RuntimeWarning: underflow encountered in matmul
  SX = VX @ Sigma @ VXdg
/leonardo_work/IscrC_QuSALa/venv_py311/lib/python3.11/site-packages/qiskit/synthesis/unitary/qsd.py:220: RuntimeWarning: underflow encountered in matmul
  UX = VX @ WXdg
/leonardo_work/IscrC_QuSALa/venv_py311/lib/python3.11/site-packages/qiskit/synthesis/unitary/qsd.py:219: RuntimeWarning: underflow encountered in matmul
  SX = VX @ Sigma @ VXdg
/leonardo_work/IscrC_QuSALa/venv_py311/lib/python3.11/site-packages/qiskit/synthesis/unitary/qsd.py:220: RuntimeWarning: underflow encountered in matmul
  UX = VX @ WXdg
/leonardo_work/IscrC_QuSALa/venv_py311/lib/python3.11/site-packages/qiskit/synthesis/unitary/qsd.py:219: RuntimeWarning: underflow encountered in matmul
  SX = VX @ Sigma @ VXdg
/leonardo_work/IscrC_QuSALa/venv_py311/lib/python3.11/site-packages/qiskit/synthesis/unitary/qsd.py:220: RuntimeWarning: underflow encountered in matmul
  UX = VX @ WXdg
/leonardo_work/IscrC_QuSALa/venv_py311/lib/python3.11/site-packages/qiskit/synthesis/unitary/qsd.py:220: RuntimeWarning: underflow encountered in matmul
  UX = VX @ WXdg
/leonardo_work/IscrC_QuSALa/venv_py311/lib/python3.11/site-packages/qiskit/synthesis/unitary/qsd.py:220: RuntimeWarning: underflow encountered in matmul
  UX = VX @ WXdg
/leonardo_work/IscrC_QuSALa/venv_py311/lib/python3.11/site-packages/qiskit/synthesis/unitary/qsd.py:219: RuntimeWarning: underflow encountered in matmul
  SX = VX @ Sigma @ VXdg
/leonardo_work/IscrC_QuSALa/venv_py311/lib/python3.11/site-packages/qiskit/synthesis/unitary/qsd.py:220: RuntimeWarning: underflow encountered in matmul
  UX = VX @ WXdg
/leonardo_work/IscrC_QuSALa/venv_py311/lib/python3.11/site-packages/qiskit/synthesis/unitary/qsd.py:219: RuntimeWarning: underflow encountered in matmul
  SX = VX @ Sigma @ VXdg
/leonardo_work/IscrC_QuSALa/venv_py311/lib/python3.11/site-packages/qiskit/synthesis/unitary/qsd.py:220: RuntimeWarning: underflow encountered in matmul
  UX = VX @ WXdg
/leonardo_work/IscrC_QuSALa/venv_py311/lib/python3.11/site-packages/qiskit/synthesis/unitary/qsd.py:220: RuntimeWarning: underflow encountered in matmul
  UX = VX @ WXdg
/leonardo_work/IscrC_QuSALa/venv_py311/lib/python3.11/site-packages/qiskit/synthesis/unitary/qsd.py:220: RuntimeWarning: underflow encountered in matmul
  UX = VX @ WXdg
/leonardo_work/IscrC_QuSALa/venv_py311/lib/python3.11/site-packages/qiskit/synthesis/unitary/qsd.py:220: RuntimeWarning: underflow encountered in matmul
  UX = VX @ WXdg
/leonardo_work/IscrC_QuSALa/venv_py311/lib/python3.11/site-packages/qiskit/synthesis/unitary/qsd.py:220: RuntimeWarning: underflow encountered in matmul
  UX = VX @ WXdg
/leonardo_work/IscrC_QuSALa/venv_py311/lib/python3.11/site-packages/qiskit/synthesis/unitary/qsd.py:220: RuntimeWarning: underflow encountered in matmul
  UX = VX @ WXdg
/leonardo_work/IscrC_QuSALa/venv_py311/lib/python3.11/site-packages/qiskit/synthesis/unitary/qsd.py:220: RuntimeWarning: underflow encountered in matmul
  UX = VX @ WXdg
/leonardo_work/IscrC_QuSALa/venv_py311/lib/python3.11/site-packages/qiskit/synthesis/unitary/qsd.py:220: RuntimeWarning: underflow encountered in matmul
  UX = VX @ WXdg
/leonardo_work/IscrC_QuSALa/venv_py311/lib/python3.11/site-packages/qiskit/synthesis/unitary/qsd.py:220: RuntimeWarning: underflow encountered in matmul
  UX = VX @ WXdg
/leonardo_work/IscrC_QuSALa/venv_py311/lib/python3.11/site-packages/qiskit/synthesis/unitary/qsd.py:220: RuntimeWarning: underflow encountered in matmul
  UX = VX @ WXdg
/leonardo_work/IscrC_QuSALa/venv_py311/lib/python3.11/site-packages/qiskit/synthesis/unitary/qsd.py:220: RuntimeWarning: underflow encountered in matmul
  UX = VX @ WXdg
/leonardo_work/IscrC_QuSALa/venv_py311/lib/python3.11/site-packages/qiskit/synthesis/unitary/qsd.py:220: RuntimeWarning: underflow encountered in matmul
  UX = VX @ WXdg
/leonardo_work/IscrC_QuSALa/venv_py311/lib/python3.11/site-packages/qiskit/synthesis/unitary/qsd.py:220: RuntimeWarning: underflow encountered in matmul
  UX = VX @ WXdg
/leonardo_work/IscrC_QuSALa/venv_py311/lib/python3.11/site-packages/qiskit/synthesis/unitary/qsd.py:220: RuntimeWarning: underflow encountered in matmul
  UX = VX @ WXdg
/leonardo_work/IscrC_QuSALa/venv_py311/lib/python3.11/site-packages/qiskit/synthesis/unitary/qsd.py:220: RuntimeWarning: underflow encountered in matmul
  UX = VX @ WXdg
/leonardo_work/IscrC_QuSALa/venv_py311/lib/python3.11/site-packages/qiskit/synthesis/unitary/qsd.py:220: RuntimeWarning: underflow encountered in matmul
  UX = VX @ WXdg
/leonardo_work/IscrC_QuSALa/venv_py311/lib/python3.11/site-packages/qiskit/synthesis/unitary/qsd.py:220: RuntimeWarning: underflow encountered in matmul
  UX = VX @ WXdg
/leonardo_work/IscrC_QuSALa/venv_py311/lib/python3.11/site-packages/qiskit/synthesis/unitary/qsd.py:220: RuntimeWarning: underflow encountered in matmul
  UX = VX @ WXdg
/leonardo_work/IscrC_QuSALa/venv_py311/lib/python3.11/site-packages/qiskit/synthesis/unitary/qsd.py:220: RuntimeWarning: underflow encountered in matmul
  UX = VX @ WXdg
/leonardo_work/IscrC_QuSALa/venv_py311/lib/python3.11/site-packages/qiskit/synthesis/unitary/qsd.py:220: RuntimeWarning: underflow encountered in matmul
  UX = VX @ WXdg
/leonardo_work/IscrC_QuSALa/venv_py311/lib/python3.11/site-packages/qiskit/synthesis/unitary/qsd.py:220: RuntimeWarning: underflow encountered in matmul
  UX = VX @ WXdg
/leonardo_work/IscrC_QuSALa/venv_py311/lib/python3.11/site-packages/qiskit/synthesis/unitary/qsd.py:220: RuntimeWarning: underflow encountered in matmul
  UX = VX @ WXdg
/leonardo_work/IscrC_QuSALa/venv_py311/lib/python3.11/site-packages/qiskit/synthesis/unitary/qsd.py:220: RuntimeWarning: underflow encountered in matmul
  UX = VX @ WXdg
/leonardo_work/IscrC_QuSALa/venv_py311/lib/python3.11/site-packages/qiskit/synthesis/unitary/qsd.py:219: RuntimeWarning: underflow encountered in matmul
  SX = VX @ Sigma @ VXdg
/leonardo_work/IscrC_QuSALa/venv_py311/lib/python3.11/site-packages/qiskit/synthesis/unitary/qsd.py:220: RuntimeWarning: underflow encountered in matmul
  UX = VX @ WXdg
/leonardo_work/IscrC_QuSALa/venv_py311/lib/python3.11/site-packages/qiskit/synthesis/unitary/qsd.py:220: RuntimeWarning: underflow encountered in matmul
  UX = VX @ WXdg
/leonardo_work/IscrC_QuSALa/venv_py311/lib/python3.11/site-packages/qiskit/synthesis/unitary/qsd.py:219: RuntimeWarning: underflow encountered in matmul
  SX = VX @ Sigma @ VXdg
/leonardo_work/IscrC_QuSALa/venv_py311/lib/python3.11/site-packages/qiskit/synthesis/unitary/qsd.py:220: RuntimeWarning: underflow encountered in matmul
  UX = VX @ WXdg
/leonardo_work/IscrC_QuSALa/venv_py311/lib/python3.11/site-packages/qiskit/synthesis/unitary/qsd.py:219: RuntimeWarning: underflow encountered in matmul
  SX = VX @ Sigma @ VXdg
/leonardo_work/IscrC_QuSALa/venv_py311/lib/python3.11/site-packages/qiskit/synthesis/unitary/qsd.py:219: RuntimeWarning: underflow encountered in matmul
  SX = VX @ Sigma @ VXdg
/leonardo_work/IscrC_QuSALa/venv_py311/lib/python3.11/site-packages/qiskit/synthesis/unitary/qsd.py:220: RuntimeWarning: underflow encountered in matmul
  UX = VX @ WXdg
/leonardo_work/IscrC_QuSALa/venv_py311/lib/python3.11/site-packages/qiskit/synthesis/unitary/qsd.py:219: RuntimeWarning: underflow encountered in matmul
  SX = VX @ Sigma @ VXdg
/leonardo_work/IscrC_QuSALa/venv_py311/lib/python3.11/site-packages/qiskit/synthesis/unitary/qsd.py:220: RuntimeWarning: underflow encountered in matmul
  UX = VX @ WXdg
/leonardo_work/IscrC_QuSALa/venv_py311/lib/python3.11/site-packages/qiskit/synthesis/unitary/qsd.py:219: RuntimeWarning: underflow encountered in matmul
  SX = VX @ Sigma @ VXdg
/leonardo_work/IscrC_QuSALa/venv_py311/lib/python3.11/site-packages/qiskit/synthesis/unitary/qsd.py:220: RuntimeWarning: underflow encountered in matmul
  UX = VX @ WXdg
/leonardo_work/IscrC_QuSALa/venv_py311/lib/python3.11/site-packages/qiskit/synthesis/unitary/qsd.py:220: RuntimeWarning: underflow encountered in matmul
  UX = VX @ WXdg
/leonardo_work/IscrC_QuSALa/venv_py311/lib/python3.11/site-packages/qiskit/synthesis/unitary/qsd.py:220: RuntimeWarning: underflow encountered in matmul
  UX = VX @ WXdg
/leonardo_work/IscrC_QuSALa/venv_py311/lib/python3.11/site-packages/qiskit/synthesis/unitary/qsd.py:220: RuntimeWarning: underflow encountered in matmul
  UX = VX @ WXdg
/leonardo_work/IscrC_QuSALa/venv_py311/lib/python3.11/site-packages/qiskit/synthesis/unitary/qsd.py:219: RuntimeWarning: underflow encountered in matmul
  SX = VX @ Sigma @ VXdg
/leonardo_work/IscrC_QuSALa/venv_py311/lib/python3.11/site-packages/qiskit/synthesis/unitary/qsd.py:220: RuntimeWarning: underflow encountered in matmul
  UX = VX @ WXdg
/leonardo_work/IscrC_QuSALa/venv_py311/lib/python3.11/site-packages/qiskit/synthesis/unitary/qsd.py:220: RuntimeWarning: underflow encountered in matmul
  UX = VX @ WXdg
/leonardo_work/IscrC_QuSALa/venv_py311/lib/python3.11/site-packages/qiskit/synthesis/unitary/qsd.py:220: RuntimeWarning: underflow encountered in matmul
  UX = VX @ WXdg
/leonardo_work/IscrC_QuSALa/venv_py311/lib/python3.11/site-packages/qiskit/synthesis/unitary/qsd.py:219: RuntimeWarning: underflow encountered in matmul
  SX = VX @ Sigma @ VXdg
/leonardo_work/IscrC_QuSALa/venv_py311/lib/python3.11/site-packages/qiskit/synthesis/unitary/qsd.py:220: RuntimeWarning: underflow encountered in matmul
  UX = VX @ WXdg
/leonardo_work/IscrC_QuSALa/venv_py311/lib/python3.11/site-packages/qiskit/synthesis/unitary/qsd.py:220: RuntimeWarning: underflow encountered in matmul
  UX = VX @ WXdg
/leonardo_work/IscrC_QuSALa/venv_py311/lib/python3.11/site-packages/qiskit/synthesis/unitary/qsd.py:219: RuntimeWarning: underflow encountered in matmul
  SX = VX @ Sigma @ VXdg
/leonardo_work/IscrC_QuSALa/venv_py311/lib/python3.11/site-packages/qiskit/synthesis/unitary/qsd.py:229: RuntimeWarning: underflow encountered in matmul
  A1 = (SX + 1j * SY) @ UX
/leonardo_work/IscrC_QuSALa/venv_py311/lib/python3.11/site-packages/qiskit/synthesis/unitary/qsd.py:220: RuntimeWarning: underflow encountered in matmul
  UX = VX @ WXdg
/leonardo_work/IscrC_QuSALa/venv_py311/lib/python3.11/site-packages/qiskit/synthesis/unitary/qsd.py:220: RuntimeWarning: underflow encountered in matmul
  UX = VX @ WXdg
/leonardo_work/IscrC_QuSALa/venv_py311/lib/python3.11/site-packages/qiskit/synthesis/unitary/qsd.py:220: RuntimeWarning: underflow encountered in matmul
  UX = VX @ WXdg
/leonardo_work/IscrC_QuSALa/venv_py311/lib/python3.11/site-packages/qiskit/synthesis/unitary/qsd.py:220: RuntimeWarning: underflow encountered in matmul
  UX = VX @ WXdg
/leonardo_work/IscrC_QuSALa/venv_py311/lib/python3.11/site-packages/qiskit/synthesis/unitary/qsd.py:219: RuntimeWarning: underflow encountered in matmul
  SX = VX @ Sigma @ VXdg
/leonardo_work/IscrC_QuSALa/venv_py311/lib/python3.11/site-packages/qiskit/synthesis/unitary/qsd.py:220: RuntimeWarning: underflow encountered in matmul
  UX = VX @ WXdg
/leonardo_work/IscrC_QuSALa/venv_py311/lib/python3.11/site-packages/qiskit/synthesis/unitary/qsd.py:220: RuntimeWarning: underflow encountered in matmul
  UX = VX @ WXdg
/leonardo_work/IscrC_QuSALa/venv_py311/lib/python3.11/site-packages/qiskit/synthesis/unitary/qsd.py:220: RuntimeWarning: underflow encountered in matmul
  UX = VX @ WXdg
/leonardo_work/IscrC_QuSALa/venv_py311/lib/python3.11/site-packages/qiskit/synthesis/unitary/qsd.py:219: RuntimeWarning: underflow encountered in matmul
  SX = VX @ Sigma @ VXdg
/leonardo_work/IscrC_QuSALa/venv_py311/lib/python3.11/site-packages/qiskit/synthesis/unitary/qsd.py:219: RuntimeWarning: underflow encountered in matmul
  SX = VX @ Sigma @ VXdg
/leonardo_work/IscrC_QuSALa/venv_py311/lib/python3.11/site-packages/qiskit/synthesis/unitary/qsd.py:220: RuntimeWarning: underflow encountered in matmul
  UX = VX @ WXdg
/leonardo_work/IscrC_QuSALa/venv_py311/lib/python3.11/site-packages/qiskit/synthesis/unitary/qsd.py:219: RuntimeWarning: underflow encountered in matmul
  SX = VX @ Sigma @ VXdg
/leonardo_work/IscrC_QuSALa/venv_py311/lib/python3.11/site-packages/qiskit/synthesis/unitary/qsd.py:219: RuntimeWarning: underflow encountered in matmul
  SX = VX @ Sigma @ VXdg
